23:24:12 **** Clean-only build of configuration Debug for project 004LED_Periodic_Tasks ****
make -j9 clean 
rm -rf ./common/ThirdParty/SEGGER/SEGGER/Syscalls/SEGGER_RTT_Syscalls_GCC.d ./common/ThirdParty/SEGGER/SEGGER/Syscalls/SEGGER_RTT_Syscalls_GCC.o ./common/ThirdParty/SEGGER/SEGGER/Syscalls/SEGGER_RTT_Syscalls_GCC.su
rm -rf ./common/ThirdParty/SEGGER/SEGGER/SEGGER_RTT.d ./common/ThirdParty/SEGGER/SEGGER/SEGGER_RTT.o ./common/ThirdParty/SEGGER/SEGGER/SEGGER_RTT.su ./common/ThirdParty/SEGGER/SEGGER/SEGGER_RTT_ASM_ARMv7M.d ./common/ThirdParty/SEGGER/SEGGER/SEGGER_RTT_ASM_ARMv7M.o ./common/ThirdParty/SEGGER/SEGGER/SEGGER_RTT_printf.d ./common/ThirdParty/SEGGER/SEGGER/SEGGER_RTT_printf.o ./common/ThirdParty/SEGGER/SEGGER/SEGGER_RTT_printf.su ./common/ThirdParty/SEGGER/SEGGER/SEGGER_SYSVIEW.d ./common/ThirdParty/SEGGER/SEGGER/SEGGER_SYSVIEW.o ./common/ThirdParty/SEGGER/SEGGER/SEGGER_SYSVIEW.su
rm -rf ./common/ThirdParty/SEGGER/Rec/segger_uart.d ./common/ThirdParty/SEGGER/Rec/segger_uart.o ./common/ThirdParty/SEGGER/Rec/segger_uart.su
rm -rf ./common/ThirdParty/SEGGER/OS/SEGGER_SYSVIEW_FreeRTOS.d ./common/ThirdParty/SEGGER/OS/SEGGER_SYSVIEW_FreeRTOS.o ./common/ThirdParty/SEGGER/OS/SEGGER_SYSVIEW_FreeRTOS.su
rm -rf ./common/ThirdParty/SEGGER/Config/SEGGER_SYSVIEW_Config_FreeRTOS.d ./common/ThirdParty/SEGGER/Config/SEGGER_SYSVIEW_Config_FreeRTOS.o ./common/ThirdParty/SEGGER/Config/SEGGER_SYSVIEW_Config_FreeRTOS.su
rm -rf ./common/ThirdParty/FreeRTOS/portable/MemMang/heap_4.d ./common/ThirdParty/FreeRTOS/portable/MemMang/heap_4.o ./common/ThirdParty/FreeRTOS/portable/MemMang/heap_4.su
rm -rf ./common/ThirdParty/FreeRTOS/portable/GCC/ARM_CM4F/port.d ./common/ThirdParty/FreeRTOS/portable/GCC/ARM_CM4F/port.o ./common/ThirdParty/FreeRTOS/portable/GCC/ARM_CM4F/port.su
rm -rf ./common/ThirdParty/FreeRTOS/croutine.d ./common/ThirdParty/FreeRTOS/croutine.o ./common/ThirdParty/FreeRTOS/croutine.su ./common/ThirdParty/FreeRTOS/event_groups.d ./common/ThirdParty/FreeRTOS/event_groups.o ./common/ThirdParty/FreeRTOS/event_groups.su ./common/ThirdParty/FreeRTOS/list.d ./common/ThirdParty/FreeRTOS/list.o ./common/ThirdParty/FreeRTOS/list.su ./common/ThirdParty/FreeRTOS/queue.d ./common/ThirdParty/FreeRTOS/queue.o ./common/ThirdParty/FreeRTOS/queue.su ./common/ThirdParty/FreeRTOS/stream_buffer.d ./common/ThirdParty/FreeRTOS/stream_buffer.o ./common/ThirdParty/FreeRTOS/stream_buffer.su ./common/ThirdParty/FreeRTOS/tasks.d ./common/ThirdParty/FreeRTOS/tasks.o ./common/ThirdParty/FreeRTOS/tasks.su ./common/ThirdParty/FreeRTOS/timers.d ./common/ThirdParty/FreeRTOS/timers.o ./common/ThirdParty/FreeRTOS/timers.su
rm -rf ./Drivers/STM32F4xx_HAL_Driver/Src/stm32f4xx_hal.d ./Drivers/STM32F4xx_HAL_Driver/Src/stm32f4xx_hal.o ./Drivers/STM32F4xx_HAL_Driver/Src/stm32f4xx_hal.su ./Drivers/STM32F4xx_HAL_Driver/Src/stm32f4xx_hal_cortex.d ./Drivers/STM32F4xx_HAL_Driver/Src/stm32f4xx_hal_cortex.o ./Drivers/STM32F4xx_HAL_Driver/Src/stm32f4xx_hal_cortex.su ./Drivers/STM32F4xx_HAL_Driver/Src/stm32f4xx_hal_dma.d ./Drivers/STM32F4xx_HAL_Driver/Src/stm32f4xx_hal_dma.o ./Drivers/STM32F4xx_HAL_Driver/Src/stm32f4xx_hal_dma.su ./Drivers/STM32F4xx_HAL_Driver/Src/stm32f4xx_hal_dma_ex.d ./Drivers/STM32F4xx_HAL_Driver/Src/stm32f4xx_hal_dma_ex.o ./Drivers/STM32F4xx_HAL_Driver/Src/stm32f4xx_hal_dma_ex.su ./Drivers/STM32F4xx_HAL_Driver/Src/stm32f4xx_hal_exti.d ./Drivers/STM32F4xx_HAL_Driver/Src/stm32f4xx_hal_exti.o ./Drivers/STM32F4xx_HAL_Driver/Src/stm32f4xx_hal_exti.su ./Drivers/STM32F4xx_HAL_Driver/Src/stm32f4xx_hal_flash.d ./Drivers/STM32F4xx_HAL_Driver/Src/stm32f4xx_hal_flash.o ./Drivers/STM32F4xx_HAL_Driver/Src/stm32f4xx_hal_flash.su ./Drivers/STM32F4xx_HAL_Driver/Src/stm32f4xx_hal_flash_ex.d ./Drivers/STM32F4xx_HAL_Driver/Src/stm32f4xx_hal_flash_ex.o ./Drivers/STM32F4xx_HAL_Driver/Src/stm32f4xx_hal_flash_ex.su ./Drivers/STM32F4xx_HAL_Driver/Src/stm32f4xx_hal_flash_ramfunc.d ./Drivers/STM32F4xx_HAL_Driver/Src/stm32f4xx_hal_flash_ramfunc.o ./Drivers/STM32F4xx_HAL_Driver/Src/stm32f4xx_hal_flash_ramfunc.su ./Drivers/STM32F4xx_HAL_Driver/Src/stm32f4xx_hal_gpio.d ./Drivers/STM32F4xx_HAL_Driver/Src/stm32f4xx_hal_gpio.o ./Drivers/STM32F4xx_HAL_Driver/Src/stm32f4xx_hal_gpio.su ./Drivers/STM32F4xx_HAL_Driver/Src/stm32f4xx_hal_pwr.d ./Drivers/STM32F4xx_HAL_Driver/Src/stm32f4xx_hal_pwr.o ./Drivers/STM32F4xx_HAL_Driver/Src/stm32f4xx_hal_pwr.su ./Drivers/STM32F4xx_HAL_Driver/Src/stm32f4xx_hal_pwr_ex.d ./Drivers/STM32F4xx_HAL_Driver/Src/stm32f4xx_hal_pwr_ex.o ./Drivers/STM32F4xx_HAL_Driver/Src/stm32f4xx_hal_pwr_ex.su ./Drivers/STM32F4xx_HAL_Driver/Src/stm32f4xx_hal_rcc.d ./Drivers/STM32F4xx_HAL_Driver/Src/stm32f4xx_hal_rcc.o ./Drivers/STM32F4xx_HAL_Driver/Src/stm32f4xx_hal_rcc.su ./Drivers/STM32F4xx_HAL_Driver/Src/stm32f4xx_hal_rcc_ex.d ./Drivers/STM32F4xx_HAL_Driver/Src/stm32f4xx_hal_rcc_ex.o ./Drivers/STM32F4xx_HAL_Driver/Src/stm32f4xx_hal_rcc_ex.su ./Drivers/STM32F4xx_HAL_Driver/Src/stm32f4xx_hal_tim.d ./Drivers/STM32F4xx_HAL_Driver/Src/stm32f4xx_hal_tim.o ./Drivers/STM32F4xx_HAL_Driver/Src/stm32f4xx_hal_tim.su ./Drivers/STM32F4xx_HAL_Driver/Src/stm32f4xx_hal_tim_ex.d ./Drivers/STM32F4xx_HAL_Driver/Src/stm32f4xx_hal_tim_ex.o ./Drivers/STM32F4xx_HAL_Driver/Src/stm32f4xx_hal_tim_ex.su
rm -rf ./Core/Startup/startup_stm32f446retx.d ./Core/Startup/startup_stm32f446retx.o
rm -rf ./Core/Src/main.d ./Core/Src/main.o ./Core/Src/main.su ./Core/Src/stm32f4xx_hal_msp.d ./Core/Src/stm32f4xx_hal_msp.o ./Core/Src/stm32f4xx_hal_msp.su ./Core/Src/stm32f4xx_hal_timebase_tim.d ./Core/Src/stm32f4xx_hal_timebase_tim.o ./Core/Src/stm32f4xx_hal_timebase_tim.su ./Core/Src/stm32f4xx_it.d ./Core/Src/stm32f4xx_it.o ./Core/Src/stm32f4xx_it.su ./Core/Src/syscalls.d ./Core/Src/syscalls.o ./Core/Src/syscalls.su ./Core/Src/sysmem.d ./Core/Src/sysmem.o ./Core/Src/sysmem.su ./Core/Src/system_stm32f4xx.d ./Core/Src/system_stm32f4xx.o ./Core/Src/system_stm32f4xx.su
rm -rf 004LED_Periodic_Tasks.elf 004LED_Periodic_Tasks.list 004LED_Periodic_Tasks.map default.size.stdout
 
23:24:13 **** Incremental Build of configuration Debug for project 004LED_Periodic_Tasks ****
make -j9 all 
arm-none-eabi-gcc "/Users/renatosoriano/FastBit_Embedded_Courses_Udemy/Course7_Workspace/Target_Workspace/RTOS_workspace/common/ThirdParty/SEGGER/SEGGER/Syscalls/SEGGER_RTT_Syscalls_GCC.c" -mcpu=cortex-m4 -std=gnu11 -g3 -DDEBUG -DUSE_HAL_DRIVER -DSTM32F446xx -c -I../Core/Inc -I../Drivers/STM32F4xx_HAL_Driver/Inc -I../Drivers/STM32F4xx_HAL_Driver/Inc/Legacy -I../Drivers/CMSIS/Device/ST/STM32F4xx/Include -I../Drivers/CMSIS/Include -I/Users/renatosoriano/FastBit_Embedded_Courses_Udemy/Course7_Workspace/Target_Workspace/RTOS_workspace/common/ThirdParty/FreeRTOS/include -I/Users/renatosoriano/FastBit_Embedded_Courses_Udemy/Course7_Workspace/Target_Workspace/RTOS_workspace/common/ThirdParty/FreeRTOS/portable/GCC/ARM_CM4F -I/Users/renatosoriano/FastBit_Embedded_Courses_Udemy/Course7_Workspace/Target_Workspace/RTOS_workspace/common/ThirdParty/SEGGER/Config -I/Users/renatosoriano/FastBit_Embedded_Courses_Udemy/Course7_Workspace/Target_Workspace/RTOS_workspace/common/ThirdParty/SEGGER/OS -I/Users/renatosoriano/FastBit_Embedded_Courses_Udemy/Course7_Workspace/Target_Workspace/RTOS_workspace/common/ThirdParty/SEGGER/SEGGER -O0 -ffunction-sections -fdata-sections -Wall -fstack-usage -MMD -MP -MF"common/ThirdParty/SEGGER/SEGGER/Syscalls/SEGGER_RTT_Syscalls_GCC.d" -MT"common/ThirdParty/SEGGER/SEGGER/Syscalls/SEGGER_RTT_Syscalls_GCC.o" --specs=nano.specs -mfpu=fpv4-sp-d16 -mfloat-abi=hard -mthumb -o "common/ThirdParty/SEGGER/SEGGER/Syscalls/SEGGER_RTT_Syscalls_GCC.o"
arm-none-eabi-gcc "/Users/renatosoriano/FastBit_Embedded_Courses_Udemy/Course7_Workspace/Target_Workspace/RTOS_workspace/common/ThirdParty/SEGGER/SEGGER/SEGGER_RTT.c" -mcpu=cortex-m4 -std=gnu11 -g3 -DDEBUG -DUSE_HAL_DRIVER -DSTM32F446xx -c -I../Core/Inc -I../Drivers/STM32F4xx_HAL_Driver/Inc -I../Drivers/STM32F4xx_HAL_Driver/Inc/Legacy -I../Drivers/CMSIS/Device/ST/STM32F4xx/Include -I../Drivers/CMSIS/Include -I/Users/renatosoriano/FastBit_Embedded_Courses_Udemy/Course7_Workspace/Target_Workspace/RTOS_workspace/common/ThirdParty/FreeRTOS/include -I/Users/renatosoriano/FastBit_Embedded_Courses_Udemy/Course7_Workspace/Target_Workspace/RTOS_workspace/common/ThirdParty/FreeRTOS/portable/GCC/ARM_CM4F -I/Users/renatosoriano/FastBit_Embedded_Courses_Udemy/Course7_Workspace/Target_Workspace/RTOS_workspace/common/ThirdParty/SEGGER/Config -I/Users/renatosoriano/FastBit_Embedded_Courses_Udemy/Course7_Workspace/Target_Workspace/RTOS_workspace/common/ThirdParty/SEGGER/OS -I/Users/renatosoriano/FastBit_Embedded_Courses_Udemy/Course7_Workspace/Target_Workspace/RTOS_workspace/common/ThirdParty/SEGGER/SEGGER -O0 -ffunction-sections -fdata-sections -Wall -fstack-usage -MMD -MP -MF"common/ThirdParty/SEGGER/SEGGER/SEGGER_RTT.d" -MT"common/ThirdParty/SEGGER/SEGGER/SEGGER_RTT.o" --specs=nano.specs -mfpu=fpv4-sp-d16 -mfloat-abi=hard -mthumb -o "common/ThirdParty/SEGGER/SEGGER/SEGGER_RTT.o"
arm-none-eabi-gcc -mcpu=cortex-m4 -g3 -DDEBUG -c -I/Users/renatosoriano/FastBit_Embedded_Courses_Udemy/Course7_Workspace/Target_Workspace/RTOS_workspace/common/ThirdParty/SEGGER/Config -I/Users/renatosoriano/FastBit_Embedded_Courses_Udemy/Course7_Workspace/Target_Workspace/RTOS_workspace/common/ThirdParty/SEGGER/SEGGER -x assembler-with-cpp -MMD -MP -MF"common/ThirdParty/SEGGER/SEGGER/SEGGER_RTT_ASM_ARMv7M.d" -MT"common/ThirdParty/SEGGER/SEGGER/SEGGER_RTT_ASM_ARMv7M.o" --specs=nano.specs -mfpu=fpv4-sp-d16 -mfloat-abi=hard -mthumb -o "common/ThirdParty/SEGGER/SEGGER/SEGGER_RTT_ASM_ARMv7M.o" "/Users/renatosoriano/FastBit_Embedded_Courses_Udemy/Course7_Workspace/Target_Workspace/RTOS_workspace/common/ThirdParty/SEGGER/SEGGER/SEGGER_RTT_ASM_ARMv7M.S"
arm-none-eabi-gcc "/Users/renatosoriano/FastBit_Embedded_Courses_Udemy/Course7_Workspace/Target_Workspace/RTOS_workspace/common/ThirdParty/SEGGER/SEGGER/SEGGER_RTT_printf.c" -mcpu=cortex-m4 -std=gnu11 -g3 -DDEBUG -DUSE_HAL_DRIVER -DSTM32F446xx -c -I../Core/Inc -I../Drivers/STM32F4xx_HAL_Driver/Inc -I../Drivers/STM32F4xx_HAL_Driver/Inc/Legacy -I../Drivers/CMSIS/Device/ST/STM32F4xx/Include -I../Drivers/CMSIS/Include -I/Users/renatosoriano/FastBit_Embedded_Courses_Udemy/Course7_Workspace/Target_Workspace/RTOS_workspace/common/ThirdParty/FreeRTOS/include -I/Users/renatosoriano/FastBit_Embedded_Courses_Udemy/Course7_Workspace/Target_Workspace/RTOS_workspace/common/ThirdParty/FreeRTOS/portable/GCC/ARM_CM4F -I/Users/renatosoriano/FastBit_Embedded_Courses_Udemy/Course7_Workspace/Target_Workspace/RTOS_workspace/common/ThirdParty/SEGGER/Config -I/Users/renatosoriano/FastBit_Embedded_Courses_Udemy/Course7_Workspace/Target_Workspace/RTOS_workspace/common/ThirdParty/SEGGER/OS -I/Users/renatosoriano/FastBit_Embedded_Courses_Udemy/Course7_Workspace/Target_Workspace/RTOS_workspace/common/ThirdParty/SEGGER/SEGGER -O0 -ffunction-sections -fdata-sections -Wall -fstack-usage -MMD -MP -MF"common/ThirdParty/SEGGER/SEGGER/SEGGER_RTT_printf.d" -MT"common/ThirdParty/SEGGER/SEGGER/SEGGER_RTT_printf.o" --specs=nano.specs -mfpu=fpv4-sp-d16 -mfloat-abi=hard -mthumb -o "common/ThirdParty/SEGGER/SEGGER/SEGGER_RTT_printf.o"
arm-none-eabi-gcc "/Users/renatosoriano/FastBit_Embedded_Courses_Udemy/Course7_Workspace/Target_Workspace/RTOS_workspace/common/ThirdParty/SEGGER/SEGGER/SEGGER_SYSVIEW.c" -mcpu=cortex-m4 -std=gnu11 -g3 -DDEBUG -DUSE_HAL_DRIVER -DSTM32F446xx -c -I../Core/Inc -I../Drivers/STM32F4xx_HAL_Driver/Inc -I../Drivers/STM32F4xx_HAL_Driver/Inc/Legacy -I../Drivers/CMSIS/Device/ST/STM32F4xx/Include -I../Drivers/CMSIS/Include -I/Users/renatosoriano/FastBit_Embedded_Courses_Udemy/Course7_Workspace/Target_Workspace/RTOS_workspace/common/ThirdParty/FreeRTOS/include -I/Users/renatosoriano/FastBit_Embedded_Courses_Udemy/Course7_Workspace/Target_Workspace/RTOS_workspace/common/ThirdParty/FreeRTOS/portable/GCC/ARM_CM4F -I/Users/renatosoriano/FastBit_Embedded_Courses_Udemy/Course7_Workspace/Target_Workspace/RTOS_workspace/common/ThirdParty/SEGGER/Config -I/Users/renatosoriano/FastBit_Embedded_Courses_Udemy/Course7_Workspace/Target_Workspace/RTOS_workspace/common/ThirdParty/SEGGER/OS -I/Users/renatosoriano/FastBit_Embedded_Courses_Udemy/Course7_Workspace/Target_Workspace/RTOS_workspace/common/ThirdParty/SEGGER/SEGGER -O0 -ffunction-sections -fdata-sections -Wall -fstack-usage -MMD -MP -MF"common/ThirdParty/SEGGER/SEGGER/SEGGER_SYSVIEW.d" -MT"common/ThirdParty/SEGGER/SEGGER/SEGGER_SYSVIEW.o" --specs=nano.specs -mfpu=fpv4-sp-d16 -mfloat-abi=hard -mthumb -o "common/ThirdParty/SEGGER/SEGGER/SEGGER_SYSVIEW.o"
arm-none-eabi-gcc "/Users/renatosoriano/FastBit_Embedded_Courses_Udemy/Course7_Workspace/Target_Workspace/RTOS_workspace/common/ThirdParty/SEGGER/Rec/segger_uart.c" -mcpu=cortex-m4 -std=gnu11 -g3 -DDEBUG -DUSE_HAL_DRIVER -DSTM32F446xx -c -I../Core/Inc -I../Drivers/STM32F4xx_HAL_Driver/Inc -I../Drivers/STM32F4xx_HAL_Driver/Inc/Legacy -I../Drivers/CMSIS/Device/ST/STM32F4xx/Include -I../Drivers/CMSIS/Include -I/Users/renatosoriano/FastBit_Embedded_Courses_Udemy/Course7_Workspace/Target_Workspace/RTOS_workspace/common/ThirdParty/FreeRTOS/include -I/Users/renatosoriano/FastBit_Embedded_Courses_Udemy/Course7_Workspace/Target_Workspace/RTOS_workspace/common/ThirdParty/FreeRTOS/portable/GCC/ARM_CM4F -I/Users/renatosoriano/FastBit_Embedded_Courses_Udemy/Course7_Workspace/Target_Workspace/RTOS_workspace/common/ThirdParty/SEGGER/Config -I/Users/renatosoriano/FastBit_Embedded_Courses_Udemy/Course7_Workspace/Target_Workspace/RTOS_workspace/common/ThirdParty/SEGGER/OS -I/Users/renatosoriano/FastBit_Embedded_Courses_Udemy/Course7_Workspace/Target_Workspace/RTOS_workspace/common/ThirdParty/SEGGER/SEGGER -O0 -ffunction-sections -fdata-sections -Wall -fstack-usage -MMD -MP -MF"common/ThirdParty/SEGGER/Rec/segger_uart.d" -MT"common/ThirdParty/SEGGER/Rec/segger_uart.o" --specs=nano.specs -mfpu=fpv4-sp-d16 -mfloat-abi=hard -mthumb -o "common/ThirdParty/SEGGER/Rec/segger_uart.o"
arm-none-eabi-gcc "/Users/renatosoriano/FastBit_Embedded_Courses_Udemy/Course7_Workspace/Target_Workspace/RTOS_workspace/common/ThirdParty/SEGGER/OS/SEGGER_SYSVIEW_FreeRTOS.c" -mcpu=cortex-m4 -std=gnu11 -g3 -DDEBUG -DUSE_HAL_DRIVER -DSTM32F446xx -c -I../Core/Inc -I../Drivers/STM32F4xx_HAL_Driver/Inc -I../Drivers/STM32F4xx_HAL_Driver/Inc/Legacy -I../Drivers/CMSIS/Device/ST/STM32F4xx/Include -I../Drivers/CMSIS/Include -I/Users/renatosoriano/FastBit_Embedded_Courses_Udemy/Course7_Workspace/Target_Workspace/RTOS_workspace/common/ThirdParty/FreeRTOS/include -I/Users/renatosoriano/FastBit_Embedded_Courses_Udemy/Course7_Workspace/Target_Workspace/RTOS_workspace/common/ThirdParty/FreeRTOS/portable/GCC/ARM_CM4F -I/Users/renatosoriano/FastBit_Embedded_Courses_Udemy/Course7_Workspace/Target_Workspace/RTOS_workspace/common/ThirdParty/SEGGER/Config -I/Users/renatosoriano/FastBit_Embedded_Courses_Udemy/Course7_Workspace/Target_Workspace/RTOS_workspace/common/ThirdParty/SEGGER/OS -I/Users/renatosoriano/FastBit_Embedded_Courses_Udemy/Course7_Workspace/Target_Workspace/RTOS_workspace/common/ThirdParty/SEGGER/SEGGER -O0 -ffunction-sections -fdata-sections -Wall -fstack-usage -MMD -MP -MF"common/ThirdParty/SEGGER/OS/SEGGER_SYSVIEW_FreeRTOS.d" -MT"common/ThirdParty/SEGGER/OS/SEGGER_SYSVIEW_FreeRTOS.o" --specs=nano.specs -mfpu=fpv4-sp-d16 -mfloat-abi=hard -mthumb -o "common/ThirdParty/SEGGER/OS/SEGGER_SYSVIEW_FreeRTOS.o"
arm-none-eabi-gcc "/Users/renatosoriano/FastBit_Embedded_Courses_Udemy/Course7_Workspace/Target_Workspace/RTOS_workspace/common/ThirdParty/SEGGER/Config/SEGGER_SYSVIEW_Config_FreeRTOS.c" -mcpu=cortex-m4 -std=gnu11 -g3 -DDEBUG -DUSE_HAL_DRIVER -DSTM32F446xx -c -I../Core/Inc -I../Drivers/STM32F4xx_HAL_Driver/Inc -I../Drivers/STM32F4xx_HAL_Driver/Inc/Legacy -I../Drivers/CMSIS/Device/ST/STM32F4xx/Include -I../Drivers/CMSIS/Include -I/Users/renatosoriano/FastBit_Embedded_Courses_Udemy/Course7_Workspace/Target_Workspace/RTOS_workspace/common/ThirdParty/FreeRTOS/include -I/Users/renatosoriano/FastBit_Embedded_Courses_Udemy/Course7_Workspace/Target_Workspace/RTOS_workspace/common/ThirdParty/FreeRTOS/portable/GCC/ARM_CM4F -I/Users/renatosoriano/FastBit_Embedded_Courses_Udemy/Course7_Workspace/Target_Workspace/RTOS_workspace/common/ThirdParty/SEGGER/Config -I/Users/renatosoriano/FastBit_Embedded_Courses_Udemy/Course7_Workspace/Target_Workspace/RTOS_workspace/common/ThirdParty/SEGGER/OS -I/Users/renatosoriano/FastBit_Embedded_Courses_Udemy/Course7_Workspace/Target_Workspace/RTOS_workspace/common/ThirdParty/SEGGER/SEGGER -O0 -ffunction-sections -fdata-sections -Wall -fstack-usage -MMD -MP -MF"common/ThirdParty/SEGGER/Config/SEGGER_SYSVIEW_Config_FreeRTOS.d" -MT"common/ThirdParty/SEGGER/Config/SEGGER_SYSVIEW_Config_FreeRTOS.o" --specs=nano.specs -mfpu=fpv4-sp-d16 -mfloat-abi=hard -mthumb -o "common/ThirdParty/SEGGER/Config/SEGGER_SYSVIEW_Config_FreeRTOS.o"
arm-none-eabi-gcc "/Users/renatosoriano/FastBit_Embedded_Courses_Udemy/Course7_Workspace/Target_Workspace/RTOS_workspace/common/ThirdParty/FreeRTOS/portable/MemMang/heap_4.c" -mcpu=cortex-m4 -std=gnu11 -g3 -DDEBUG -DUSE_HAL_DRIVER -DSTM32F446xx -c -I../Core/Inc -I../Drivers/STM32F4xx_HAL_Driver/Inc -I../Drivers/STM32F4xx_HAL_Driver/Inc/Legacy -I../Drivers/CMSIS/Device/ST/STM32F4xx/Include -I../Drivers/CMSIS/Include -I/Users/renatosoriano/FastBit_Embedded_Courses_Udemy/Course7_Workspace/Target_Workspace/RTOS_workspace/common/ThirdParty/FreeRTOS/include -I/Users/renatosoriano/FastBit_Embedded_Courses_Udemy/Course7_Workspace/Target_Workspace/RTOS_workspace/common/ThirdParty/FreeRTOS/portable/GCC/ARM_CM4F -I/Users/renatosoriano/FastBit_Embedded_Courses_Udemy/Course7_Workspace/Target_Workspace/RTOS_workspace/common/ThirdParty/SEGGER/Config -I/Users/renatosoriano/FastBit_Embedded_Courses_Udemy/Course7_Workspace/Target_Workspace/RTOS_workspace/common/ThirdParty/SEGGER/OS -I/Users/renatosoriano/FastBit_Embedded_Courses_Udemy/Course7_Workspace/Target_Workspace/RTOS_workspace/common/ThirdParty/SEGGER/SEGGER -O0 -ffunction-sections -fdata-sections -Wall -fstack-usage -MMD -MP -MF"common/ThirdParty/FreeRTOS/portable/MemMang/heap_4.d" -MT"common/ThirdParty/FreeRTOS/portable/MemMang/heap_4.o" --specs=nano.specs -mfpu=fpv4-sp-d16 -mfloat-abi=hard -mthumb -o "common/ThirdParty/FreeRTOS/portable/MemMang/heap_4.o"
arm-none-eabi-gcc "/Users/renatosoriano/FastBit_Embedded_Courses_Udemy/Course7_Workspace/Target_Workspace/RTOS_workspace/common/ThirdParty/FreeRTOS/portable/GCC/ARM_CM4F/port.c" -mcpu=cortex-m4 -std=gnu11 -g3 -DDEBUG -DUSE_HAL_DRIVER -DSTM32F446xx -c -I../Core/Inc -I../Drivers/STM32F4xx_HAL_Driver/Inc -I../Drivers/STM32F4xx_HAL_Driver/Inc/Legacy -I../Drivers/CMSIS/Device/ST/STM32F4xx/Include -I../Drivers/CMSIS/Include -I/Users/renatosoriano/FastBit_Embedded_Courses_Udemy/Course7_Workspace/Target_Workspace/RTOS_workspace/common/ThirdParty/FreeRTOS/include -I/Users/renatosoriano/FastBit_Embedded_Courses_Udemy/Course7_Workspace/Target_Workspace/RTOS_workspace/common/ThirdParty/FreeRTOS/portable/GCC/ARM_CM4F -I/Users/renatosoriano/FastBit_Embedded_Courses_Udemy/Course7_Workspace/Target_Workspace/RTOS_workspace/common/ThirdParty/SEGGER/Config -I/Users/renatosoriano/FastBit_Embedded_Courses_Udemy/Course7_Workspace/Target_Workspace/RTOS_workspace/common/ThirdParty/SEGGER/OS -I/Users/renatosoriano/FastBit_Embedded_Courses_Udemy/Course7_Workspace/Target_Workspace/RTOS_workspace/common/ThirdParty/SEGGER/SEGGER -O0 -ffunction-sections -fdata-sections -Wall -fstack-usage -MMD -MP -MF"common/ThirdParty/FreeRTOS/portable/GCC/ARM_CM4F/port.d" -MT"common/ThirdParty/FreeRTOS/portable/GCC/ARM_CM4F/port.o" --specs=nano.specs -mfpu=fpv4-sp-d16 -mfloat-abi=hard -mthumb -o "common/ThirdParty/FreeRTOS/portable/GCC/ARM_CM4F/port.o"
arm-none-eabi-gcc "/Users/renatosoriano/FastBit_Embedded_Courses_Udemy/Course7_Workspace/Target_Workspace/RTOS_workspace/common/ThirdParty/FreeRTOS/croutine.c" -mcpu=cortex-m4 -std=gnu11 -g3 -DDEBUG -DUSE_HAL_DRIVER -DSTM32F446xx -c -I../Core/Inc -I../Drivers/STM32F4xx_HAL_Driver/Inc -I../Drivers/STM32F4xx_HAL_Driver/Inc/Legacy -I../Drivers/CMSIS/Device/ST/STM32F4xx/Include -I../Drivers/CMSIS/Include -I/Users/renatosoriano/FastBit_Embedded_Courses_Udemy/Course7_Workspace/Target_Workspace/RTOS_workspace/common/ThirdParty/FreeRTOS/include -I/Users/renatosoriano/FastBit_Embedded_Courses_Udemy/Course7_Workspace/Target_Workspace/RTOS_workspace/common/ThirdParty/FreeRTOS/portable/GCC/ARM_CM4F -I/Users/renatosoriano/FastBit_Embedded_Courses_Udemy/Course7_Workspace/Target_Workspace/RTOS_workspace/common/ThirdParty/SEGGER/Config -I/Users/renatosoriano/FastBit_Embedded_Courses_Udemy/Course7_Workspace/Target_Workspace/RTOS_workspace/common/ThirdParty/SEGGER/OS -I/Users/renatosoriano/FastBit_Embedded_Courses_Udemy/Course7_Workspace/Target_Workspace/RTOS_workspace/common/ThirdParty/SEGGER/SEGGER -O0 -ffunction-sections -fdata-sections -Wall -fstack-usage -MMD -MP -MF"common/ThirdParty/FreeRTOS/croutine.d" -MT"common/ThirdParty/FreeRTOS/croutine.o" --specs=nano.specs -mfpu=fpv4-sp-d16 -mfloat-abi=hard -mthumb -o "common/ThirdParty/FreeRTOS/croutine.o"
arm-none-eabi-gcc "/Users/renatosoriano/FastBit_Embedded_Courses_Udemy/Course7_Workspace/Target_Workspace/RTOS_workspace/common/ThirdParty/FreeRTOS/event_groups.c" -mcpu=cortex-m4 -std=gnu11 -g3 -DDEBUG -DUSE_HAL_DRIVER -DSTM32F446xx -c -I../Core/Inc -I../Drivers/STM32F4xx_HAL_Driver/Inc -I../Drivers/STM32F4xx_HAL_Driver/Inc/Legacy -I../Drivers/CMSIS/Device/ST/STM32F4xx/Include -I../Drivers/CMSIS/Include -I/Users/renatosoriano/FastBit_Embedded_Courses_Udemy/Course7_Workspace/Target_Workspace/RTOS_workspace/common/ThirdParty/FreeRTOS/include -I/Users/renatosoriano/FastBit_Embedded_Courses_Udemy/Course7_Workspace/Target_Workspace/RTOS_workspace/common/ThirdParty/FreeRTOS/portable/GCC/ARM_CM4F -I/Users/renatosoriano/FastBit_Embedded_Courses_Udemy/Course7_Workspace/Target_Workspace/RTOS_workspace/common/ThirdParty/SEGGER/Config -I/Users/renatosoriano/FastBit_Embedded_Courses_Udemy/Course7_Workspace/Target_Workspace/RTOS_workspace/common/ThirdParty/SEGGER/OS -I/Users/renatosoriano/FastBit_Embedded_Courses_Udemy/Course7_Workspace/Target_Workspace/RTOS_workspace/common/ThirdParty/SEGGER/SEGGER -O0 -ffunction-sections -fdata-sections -Wall -fstack-usage -MMD -MP -MF"common/ThirdParty/FreeRTOS/event_groups.d" -MT"common/ThirdParty/FreeRTOS/event_groups.o" --specs=nano.specs -mfpu=fpv4-sp-d16 -mfloat-abi=hard -mthumb -o "common/ThirdParty/FreeRTOS/event_groups.o"
arm-none-eabi-gcc "/Users/renatosoriano/FastBit_Embedded_Courses_Udemy/Course7_Workspace/Target_Workspace/RTOS_workspace/common/ThirdParty/FreeRTOS/list.c" -mcpu=cortex-m4 -std=gnu11 -g3 -DDEBUG -DUSE_HAL_DRIVER -DSTM32F446xx -c -I../Core/Inc -I../Drivers/STM32F4xx_HAL_Driver/Inc -I../Drivers/STM32F4xx_HAL_Driver/Inc/Legacy -I../Drivers/CMSIS/Device/ST/STM32F4xx/Include -I../Drivers/CMSIS/Include -I/Users/renatosoriano/FastBit_Embedded_Courses_Udemy/Course7_Workspace/Target_Workspace/RTOS_workspace/common/ThirdParty/FreeRTOS/include -I/Users/renatosoriano/FastBit_Embedded_Courses_Udemy/Course7_Workspace/Target_Workspace/RTOS_workspace/common/ThirdParty/FreeRTOS/portable/GCC/ARM_CM4F -I/Users/renatosoriano/FastBit_Embedded_Courses_Udemy/Course7_Workspace/Target_Workspace/RTOS_workspace/common/ThirdParty/SEGGER/Config -I/Users/renatosoriano/FastBit_Embedded_Courses_Udemy/Course7_Workspace/Target_Workspace/RTOS_workspace/common/ThirdParty/SEGGER/OS -I/Users/renatosoriano/FastBit_Embedded_Courses_Udemy/Course7_Workspace/Target_Workspace/RTOS_workspace/common/ThirdParty/SEGGER/SEGGER -O0 -ffunction-sections -fdata-sections -Wall -fstack-usage -MMD -MP -MF"common/ThirdParty/FreeRTOS/list.d" -MT"common/ThirdParty/FreeRTOS/list.o" --specs=nano.specs -mfpu=fpv4-sp-d16 -mfloat-abi=hard -mthumb -o "common/ThirdParty/FreeRTOS/list.o"
arm-none-eabi-gcc "/Users/renatosoriano/FastBit_Embedded_Courses_Udemy/Course7_Workspace/Target_Workspace/RTOS_workspace/common/ThirdParty/FreeRTOS/queue.c" -mcpu=cortex-m4 -std=gnu11 -g3 -DDEBUG -DUSE_HAL_DRIVER -DSTM32F446xx -c -I../Core/Inc -I../Drivers/STM32F4xx_HAL_Driver/Inc -I../Drivers/STM32F4xx_HAL_Driver/Inc/Legacy -I../Drivers/CMSIS/Device/ST/STM32F4xx/Include -I../Drivers/CMSIS/Include -I/Users/renatosoriano/FastBit_Embedded_Courses_Udemy/Course7_Workspace/Target_Workspace/RTOS_workspace/common/ThirdParty/FreeRTOS/include -I/Users/renatosoriano/FastBit_Embedded_Courses_Udemy/Course7_Workspace/Target_Workspace/RTOS_workspace/common/ThirdParty/FreeRTOS/portable/GCC/ARM_CM4F -I/Users/renatosoriano/FastBit_Embedded_Courses_Udemy/Course7_Workspace/Target_Workspace/RTOS_workspace/common/ThirdParty/SEGGER/Config -I/Users/renatosoriano/FastBit_Embedded_Courses_Udemy/Course7_Workspace/Target_Workspace/RTOS_workspace/common/ThirdParty/SEGGER/OS -I/Users/renatosoriano/FastBit_Embedded_Courses_Udemy/Course7_Workspace/Target_Workspace/RTOS_workspace/common/ThirdParty/SEGGER/SEGGER -O0 -ffunction-sections -fdata-sections -Wall -fstack-usage -MMD -MP -MF"common/ThirdParty/FreeRTOS/queue.d" -MT"common/ThirdParty/FreeRTOS/queue.o" --specs=nano.specs -mfpu=fpv4-sp-d16 -mfloat-abi=hard -mthumb -o "common/ThirdParty/FreeRTOS/queue.o"
arm-none-eabi-gcc "/Users/renatosoriano/FastBit_Embedded_Courses_Udemy/Course7_Workspace/Target_Workspace/RTOS_workspace/common/ThirdParty/FreeRTOS/stream_buffer.c" -mcpu=cortex-m4 -std=gnu11 -g3 -DDEBUG -DUSE_HAL_DRIVER -DSTM32F446xx -c -I../Core/Inc -I../Drivers/STM32F4xx_HAL_Driver/Inc -I../Drivers/STM32F4xx_HAL_Driver/Inc/Legacy -I../Drivers/CMSIS/Device/ST/STM32F4xx/Include -I../Drivers/CMSIS/Include -I/Users/renatosoriano/FastBit_Embedded_Courses_Udemy/Course7_Workspace/Target_Workspace/RTOS_workspace/common/ThirdParty/FreeRTOS/include -I/Users/renatosoriano/FastBit_Embedded_Courses_Udemy/Course7_Workspace/Target_Workspace/RTOS_workspace/common/ThirdParty/FreeRTOS/portable/GCC/ARM_CM4F -I/Users/renatosoriano/FastBit_Embedded_Courses_Udemy/Course7_Workspace/Target_Workspace/RTOS_workspace/common/ThirdParty/SEGGER/Config -I/Users/renatosoriano/FastBit_Embedded_Courses_Udemy/Course7_Workspace/Target_Workspace/RTOS_workspace/common/ThirdParty/SEGGER/OS -I/Users/renatosoriano/FastBit_Embedded_Courses_Udemy/Course7_Workspace/Target_Workspace/RTOS_workspace/common/ThirdParty/SEGGER/SEGGER -O0 -ffunction-sections -fdata-sections -Wall -fstack-usage -MMD -MP -MF"common/ThirdParty/FreeRTOS/stream_buffer.d" -MT"common/ThirdParty/FreeRTOS/stream_buffer.o" --specs=nano.specs -mfpu=fpv4-sp-d16 -mfloat-abi=hard -mthumb -o "common/ThirdParty/FreeRTOS/stream_buffer.o"
arm-none-eabi-gcc "/Users/renatosoriano/FastBit_Embedded_Courses_Udemy/Course7_Workspace/Target_Workspace/RTOS_workspace/common/ThirdParty/FreeRTOS/tasks.c" -mcpu=cortex-m4 -std=gnu11 -g3 -DDEBUG -DUSE_HAL_DRIVER -DSTM32F446xx -c -I../Core/Inc -I../Drivers/STM32F4xx_HAL_Driver/Inc -I../Drivers/STM32F4xx_HAL_Driver/Inc/Legacy -I../Drivers/CMSIS/Device/ST/STM32F4xx/Include -I../Drivers/CMSIS/Include -I/Users/renatosoriano/FastBit_Embedded_Courses_Udemy/Course7_Workspace/Target_Workspace/RTOS_workspace/common/ThirdParty/FreeRTOS/include -I/Users/renatosoriano/FastBit_Embedded_Courses_Udemy/Course7_Workspace/Target_Workspace/RTOS_workspace/common/ThirdParty/FreeRTOS/portable/GCC/ARM_CM4F -I/Users/renatosoriano/FastBit_Embedded_Courses_Udemy/Course7_Workspace/Target_Workspace/RTOS_workspace/common/ThirdParty/SEGGER/Config -I/Users/renatosoriano/FastBit_Embedded_Courses_Udemy/Course7_Workspace/Target_Workspace/RTOS_workspace/common/ThirdParty/SEGGER/OS -I/Users/renatosoriano/FastBit_Embedded_Courses_Udemy/Course7_Workspace/Target_Workspace/RTOS_workspace/common/ThirdParty/SEGGER/SEGGER -O0 -ffunction-sections -fdata-sections -Wall -fstack-usage -MMD -MP -MF"common/ThirdParty/FreeRTOS/tasks.d" -MT"common/ThirdParty/FreeRTOS/tasks.o" --specs=nano.specs -mfpu=fpv4-sp-d16 -mfloat-abi=hard -mthumb -o "common/ThirdParty/FreeRTOS/tasks.o"
arm-none-eabi-gcc "/Users/renatosoriano/FastBit_Embedded_Courses_Udemy/Course7_Workspace/Target_Workspace/RTOS_workspace/common/ThirdParty/FreeRTOS/timers.c" -mcpu=cortex-m4 -std=gnu11 -g3 -DDEBUG -DUSE_HAL_DRIVER -DSTM32F446xx -c -I../Core/Inc -I../Drivers/STM32F4xx_HAL_Driver/Inc -I../Drivers/STM32F4xx_HAL_Driver/Inc/Legacy -I../Drivers/CMSIS/Device/ST/STM32F4xx/Include -I../Drivers/CMSIS/Include -I/Users/renatosoriano/FastBit_Embedded_Courses_Udemy/Course7_Workspace/Target_Workspace/RTOS_workspace/common/ThirdParty/FreeRTOS/include -I/Users/renatosoriano/FastBit_Embedded_Courses_Udemy/Course7_Workspace/Target_Workspace/RTOS_workspace/common/ThirdParty/FreeRTOS/portable/GCC/ARM_CM4F -I/Users/renatosoriano/FastBit_Embedded_Courses_Udemy/Course7_Workspace/Target_Workspace/RTOS_workspace/common/ThirdParty/SEGGER/Config -I/Users/renatosoriano/FastBit_Embedded_Courses_Udemy/Course7_Workspace/Target_Workspace/RTOS_workspace/common/ThirdParty/SEGGER/OS -I/Users/renatosoriano/FastBit_Embedded_Courses_Udemy/Course7_Workspace/Target_Workspace/RTOS_workspace/common/ThirdParty/SEGGER/SEGGER -O0 -ffunction-sections -fdata-sections -Wall -fstack-usage -MMD -MP -MF"common/ThirdParty/FreeRTOS/timers.d" -MT"common/ThirdParty/FreeRTOS/timers.o" --specs=nano.specs -mfpu=fpv4-sp-d16 -mfloat-abi=hard -mthumb -o "common/ThirdParty/FreeRTOS/timers.o"
arm-none-eabi-gcc "../Drivers/STM32F4xx_HAL_Driver/Src/stm32f4xx_hal.c" -mcpu=cortex-m4 -std=gnu11 -g3 -DDEBUG -DUSE_HAL_DRIVER -DSTM32F446xx -c -I../Core/Inc -I../Drivers/STM32F4xx_HAL_Driver/Inc -I../Drivers/STM32F4xx_HAL_Driver/Inc/Legacy -I../Drivers/CMSIS/Device/ST/STM32F4xx/Include -I../Drivers/CMSIS/Include -I/Users/renatosoriano/FastBit_Embedded_Courses_Udemy/Course7_Workspace/Target_Workspace/RTOS_workspace/common/ThirdParty/FreeRTOS/include -I/Users/renatosoriano/FastBit_Embedded_Courses_Udemy/Course7_Workspace/Target_Workspace/RTOS_workspace/common/ThirdParty/FreeRTOS/portable/GCC/ARM_CM4F -I/Users/renatosoriano/FastBit_Embedded_Courses_Udemy/Course7_Workspace/Target_Workspace/RTOS_workspace/common/ThirdParty/SEGGER/Config -I/Users/renatosoriano/FastBit_Embedded_Courses_Udemy/Course7_Workspace/Target_Workspace/RTOS_workspace/common/ThirdParty/SEGGER/OS -I/Users/renatosoriano/FastBit_Embedded_Courses_Udemy/Course7_Workspace/Target_Workspace/RTOS_workspace/common/ThirdParty/SEGGER/SEGGER -O0 -ffunction-sections -fdata-sections -Wall -fstack-usage -MMD -MP -MF"Drivers/STM32F4xx_HAL_Driver/Src/stm32f4xx_hal.d" -MT"Drivers/STM32F4xx_HAL_Driver/Src/stm32f4xx_hal.o" --specs=nano.specs -mfpu=fpv4-sp-d16 -mfloat-abi=hard -mthumb -o "Drivers/STM32F4xx_HAL_Driver/Src/stm32f4xx_hal.o"
arm-none-eabi-gcc "../Drivers/STM32F4xx_HAL_Driver/Src/stm32f4xx_hal_cortex.c" -mcpu=cortex-m4 -std=gnu11 -g3 -DDEBUG -DUSE_HAL_DRIVER -DSTM32F446xx -c -I../Core/Inc -I../Drivers/STM32F4xx_HAL_Driver/Inc -I../Drivers/STM32F4xx_HAL_Driver/Inc/Legacy -I../Drivers/CMSIS/Device/ST/STM32F4xx/Include -I../Drivers/CMSIS/Include -I/Users/renatosoriano/FastBit_Embedded_Courses_Udemy/Course7_Workspace/Target_Workspace/RTOS_workspace/common/ThirdParty/FreeRTOS/include -I/Users/renatosoriano/FastBit_Embedded_Courses_Udemy/Course7_Workspace/Target_Workspace/RTOS_workspace/common/ThirdParty/FreeRTOS/portable/GCC/ARM_CM4F -I/Users/renatosoriano/FastBit_Embedded_Courses_Udemy/Course7_Workspace/Target_Workspace/RTOS_workspace/common/ThirdParty/SEGGER/Config -I/Users/renatosoriano/FastBit_Embedded_Courses_Udemy/Course7_Workspace/Target_Workspace/RTOS_workspace/common/ThirdParty/SEGGER/OS -I/Users/renatosoriano/FastBit_Embedded_Courses_Udemy/Course7_Workspace/Target_Workspace/RTOS_workspace/common/ThirdParty/SEGGER/SEGGER -O0 -ffunction-sections -fdata-sections -Wall -fstack-usage -MMD -MP -MF"Drivers/STM32F4xx_HAL_Driver/Src/stm32f4xx_hal_cortex.d" -MT"Drivers/STM32F4xx_HAL_Driver/Src/stm32f4xx_hal_cortex.o" --specs=nano.specs -mfpu=fpv4-sp-d16 -mfloat-abi=hard -mthumb -o "Drivers/STM32F4xx_HAL_Driver/Src/stm32f4xx_hal_cortex.o"
arm-none-eabi-gcc "../Drivers/STM32F4xx_HAL_Driver/Src/stm32f4xx_hal_dma.c" -mcpu=cortex-m4 -std=gnu11 -g3 -DDEBUG -DUSE_HAL_DRIVER -DSTM32F446xx -c -I../Core/Inc -I../Drivers/STM32F4xx_HAL_Driver/Inc -I../Drivers/STM32F4xx_HAL_Driver/Inc/Legacy -I../Drivers/CMSIS/Device/ST/STM32F4xx/Include -I../Drivers/CMSIS/Include -I/Users/renatosoriano/FastBit_Embedded_Courses_Udemy/Course7_Workspace/Target_Workspace/RTOS_workspace/common/ThirdParty/FreeRTOS/include -I/Users/renatosoriano/FastBit_Embedded_Courses_Udemy/Course7_Workspace/Target_Workspace/RTOS_workspace/common/ThirdParty/FreeRTOS/portable/GCC/ARM_CM4F -I/Users/renatosoriano/FastBit_Embedded_Courses_Udemy/Course7_Workspace/Target_Workspace/RTOS_workspace/common/ThirdParty/SEGGER/Config -I/Users/renatosoriano/FastBit_Embedded_Courses_Udemy/Course7_Workspace/Target_Workspace/RTOS_workspace/common/ThirdParty/SEGGER/OS -I/Users/renatosoriano/FastBit_Embedded_Courses_Udemy/Course7_Workspace/Target_Workspace/RTOS_workspace/common/ThirdParty/SEGGER/SEGGER -O0 -ffunction-sections -fdata-sections -Wall -fstack-usage -MMD -MP -MF"Drivers/STM32F4xx_HAL_Driver/Src/stm32f4xx_hal_dma.d" -MT"Drivers/STM32F4xx_HAL_Driver/Src/stm32f4xx_hal_dma.o" --specs=nano.specs -mfpu=fpv4-sp-d16 -mfloat-abi=hard -mthumb -o "Drivers/STM32F4xx_HAL_Driver/Src/stm32f4xx_hal_dma.o"
arm-none-eabi-gcc "../Drivers/STM32F4xx_HAL_Driver/Src/stm32f4xx_hal_dma_ex.c" -mcpu=cortex-m4 -std=gnu11 -g3 -DDEBUG -DUSE_HAL_DRIVER -DSTM32F446xx -c -I../Core/Inc -I../Drivers/STM32F4xx_HAL_Driver/Inc -I../Drivers/STM32F4xx_HAL_Driver/Inc/Legacy -I../Drivers/CMSIS/Device/ST/STM32F4xx/Include -I../Drivers/CMSIS/Include -I/Users/renatosoriano/FastBit_Embedded_Courses_Udemy/Course7_Workspace/Target_Workspace/RTOS_workspace/common/ThirdParty/FreeRTOS/include -I/Users/renatosoriano/FastBit_Embedded_Courses_Udemy/Course7_Workspace/Target_Workspace/RTOS_workspace/common/ThirdParty/FreeRTOS/portable/GCC/ARM_CM4F -I/Users/renatosoriano/FastBit_Embedded_Courses_Udemy/Course7_Workspace/Target_Workspace/RTOS_workspace/common/ThirdParty/SEGGER/Config -I/Users/renatosoriano/FastBit_Embedded_Courses_Udemy/Course7_Workspace/Target_Workspace/RTOS_workspace/common/ThirdParty/SEGGER/OS -I/Users/renatosoriano/FastBit_Embedded_Courses_Udemy/Course7_Workspace/Target_Workspace/RTOS_workspace/common/ThirdParty/SEGGER/SEGGER -O0 -ffunction-sections -fdata-sections -Wall -fstack-usage -MMD -MP -MF"Drivers/STM32F4xx_HAL_Driver/Src/stm32f4xx_hal_dma_ex.d" -MT"Drivers/STM32F4xx_HAL_Driver/Src/stm32f4xx_hal_dma_ex.o" --specs=nano.specs -mfpu=fpv4-sp-d16 -mfloat-abi=hard -mthumb -o "Drivers/STM32F4xx_HAL_Driver/Src/stm32f4xx_hal_dma_ex.o"
arm-none-eabi-gcc "../Drivers/STM32F4xx_HAL_Driver/Src/stm32f4xx_hal_exti.c" -mcpu=cortex-m4 -std=gnu11 -g3 -DDEBUG -DUSE_HAL_DRIVER -DSTM32F446xx -c -I../Core/Inc -I../Drivers/STM32F4xx_HAL_Driver/Inc -I../Drivers/STM32F4xx_HAL_Driver/Inc/Legacy -I../Drivers/CMSIS/Device/ST/STM32F4xx/Include -I../Drivers/CMSIS/Include -I/Users/renatosoriano/FastBit_Embedded_Courses_Udemy/Course7_Workspace/Target_Workspace/RTOS_workspace/common/ThirdParty/FreeRTOS/include -I/Users/renatosoriano/FastBit_Embedded_Courses_Udemy/Course7_Workspace/Target_Workspace/RTOS_workspace/common/ThirdParty/FreeRTOS/portable/GCC/ARM_CM4F -I/Users/renatosoriano/FastBit_Embedded_Courses_Udemy/Course7_Workspace/Target_Workspace/RTOS_workspace/common/ThirdParty/SEGGER/Config -I/Users/renatosoriano/FastBit_Embedded_Courses_Udemy/Course7_Workspace/Target_Workspace/RTOS_workspace/common/ThirdParty/SEGGER/OS -I/Users/renatosoriano/FastBit_Embedded_Courses_Udemy/Course7_Workspace/Target_Workspace/RTOS_workspace/common/ThirdParty/SEGGER/SEGGER -O0 -ffunction-sections -fdata-sections -Wall -fstack-usage -MMD -MP -MF"Drivers/STM32F4xx_HAL_Driver/Src/stm32f4xx_hal_exti.d" -MT"Drivers/STM32F4xx_HAL_Driver/Src/stm32f4xx_hal_exti.o" --specs=nano.specs -mfpu=fpv4-sp-d16 -mfloat-abi=hard -mthumb -o "Drivers/STM32F4xx_HAL_Driver/Src/stm32f4xx_hal_exti.o"
arm-none-eabi-gcc "../Drivers/STM32F4xx_HAL_Driver/Src/stm32f4xx_hal_flash.c" -mcpu=cortex-m4 -std=gnu11 -g3 -DDEBUG -DUSE_HAL_DRIVER -DSTM32F446xx -c -I../Core/Inc -I../Drivers/STM32F4xx_HAL_Driver/Inc -I../Drivers/STM32F4xx_HAL_Driver/Inc/Legacy -I../Drivers/CMSIS/Device/ST/STM32F4xx/Include -I../Drivers/CMSIS/Include -I/Users/renatosoriano/FastBit_Embedded_Courses_Udemy/Course7_Workspace/Target_Workspace/RTOS_workspace/common/ThirdParty/FreeRTOS/include -I/Users/renatosoriano/FastBit_Embedded_Courses_Udemy/Course7_Workspace/Target_Workspace/RTOS_workspace/common/ThirdParty/FreeRTOS/portable/GCC/ARM_CM4F -I/Users/renatosoriano/FastBit_Embedded_Courses_Udemy/Course7_Workspace/Target_Workspace/RTOS_workspace/common/ThirdParty/SEGGER/Config -I/Users/renatosoriano/FastBit_Embedded_Courses_Udemy/Course7_Workspace/Target_Workspace/RTOS_workspace/common/ThirdParty/SEGGER/OS -I/Users/renatosoriano/FastBit_Embedded_Courses_Udemy/Course7_Workspace/Target_Workspace/RTOS_workspace/common/ThirdParty/SEGGER/SEGGER -O0 -ffunction-sections -fdata-sections -Wall -fstack-usage -MMD -MP -MF"Drivers/STM32F4xx_HAL_Driver/Src/stm32f4xx_hal_flash.d" -MT"Drivers/STM32F4xx_HAL_Driver/Src/stm32f4xx_hal_flash.o" --specs=nano.specs -mfpu=fpv4-sp-d16 -mfloat-abi=hard -mthumb -o "Drivers/STM32F4xx_HAL_Driver/Src/stm32f4xx_hal_flash.o"
arm-none-eabi-gcc "../Drivers/STM32F4xx_HAL_Driver/Src/stm32f4xx_hal_flash_ex.c" -mcpu=cortex-m4 -std=gnu11 -g3 -DDEBUG -DUSE_HAL_DRIVER -DSTM32F446xx -c -I../Core/Inc -I../Drivers/STM32F4xx_HAL_Driver/Inc -I../Drivers/STM32F4xx_HAL_Driver/Inc/Legacy -I../Drivers/CMSIS/Device/ST/STM32F4xx/Include -I../Drivers/CMSIS/Include -I/Users/renatosoriano/FastBit_Embedded_Courses_Udemy/Course7_Workspace/Target_Workspace/RTOS_workspace/common/ThirdParty/FreeRTOS/include -I/Users/renatosoriano/FastBit_Embedded_Courses_Udemy/Course7_Workspace/Target_Workspace/RTOS_workspace/common/ThirdParty/FreeRTOS/portable/GCC/ARM_CM4F -I/Users/renatosoriano/FastBit_Embedded_Courses_Udemy/Course7_Workspace/Target_Workspace/RTOS_workspace/common/ThirdParty/SEGGER/Config -I/Users/renatosoriano/FastBit_Embedded_Courses_Udemy/Course7_Workspace/Target_Workspace/RTOS_workspace/common/ThirdParty/SEGGER/OS -I/Users/renatosoriano/FastBit_Embedded_Courses_Udemy/Course7_Workspace/Target_Workspace/RTOS_workspace/common/ThirdParty/SEGGER/SEGGER -O0 -ffunction-sections -fdata-sections -Wall -fstack-usage -MMD -MP -MF"Drivers/STM32F4xx_HAL_Driver/Src/stm32f4xx_hal_flash_ex.d" -MT"Drivers/STM32F4xx_HAL_Driver/Src/stm32f4xx_hal_flash_ex.o" --specs=nano.specs -mfpu=fpv4-sp-d16 -mfloat-abi=hard -mthumb -o "Drivers/STM32F4xx_HAL_Driver/Src/stm32f4xx_hal_flash_ex.o"
arm-none-eabi-gcc "../Drivers/STM32F4xx_HAL_Driver/Src/stm32f4xx_hal_flash_ramfunc.c" -mcpu=cortex-m4 -std=gnu11 -g3 -DDEBUG -DUSE_HAL_DRIVER -DSTM32F446xx -c -I../Core/Inc -I../Drivers/STM32F4xx_HAL_Driver/Inc -I../Drivers/STM32F4xx_HAL_Driver/Inc/Legacy -I../Drivers/CMSIS/Device/ST/STM32F4xx/Include -I../Drivers/CMSIS/Include -I/Users/renatosoriano/FastBit_Embedded_Courses_Udemy/Course7_Workspace/Target_Workspace/RTOS_workspace/common/ThirdParty/FreeRTOS/include -I/Users/renatosoriano/FastBit_Embedded_Courses_Udemy/Course7_Workspace/Target_Workspace/RTOS_workspace/common/ThirdParty/FreeRTOS/portable/GCC/ARM_CM4F -I/Users/renatosoriano/FastBit_Embedded_Courses_Udemy/Course7_Workspace/Target_Workspace/RTOS_workspace/common/ThirdParty/SEGGER/Config -I/Users/renatosoriano/FastBit_Embedded_Courses_Udemy/Course7_Workspace/Target_Workspace/RTOS_workspace/common/ThirdParty/SEGGER/OS -I/Users/renatosoriano/FastBit_Embedded_Courses_Udemy/Course7_Workspace/Target_Workspace/RTOS_workspace/common/ThirdParty/SEGGER/SEGGER -O0 -ffunction-sections -fdata-sections -Wall -fstack-usage -MMD -MP -MF"Drivers/STM32F4xx_HAL_Driver/Src/stm32f4xx_hal_flash_ramfunc.d" -MT"Drivers/STM32F4xx_HAL_Driver/Src/stm32f4xx_hal_flash_ramfunc.o" --specs=nano.specs -mfpu=fpv4-sp-d16 -mfloat-abi=hard -mthumb -o "Drivers/STM32F4xx_HAL_Driver/Src/stm32f4xx_hal_flash_ramfunc.o"
arm-none-eabi-gcc "../Drivers/STM32F4xx_HAL_Driver/Src/stm32f4xx_hal_gpio.c" -mcpu=cortex-m4 -std=gnu11 -g3 -DDEBUG -DUSE_HAL_DRIVER -DSTM32F446xx -c -I../Core/Inc -I../Drivers/STM32F4xx_HAL_Driver/Inc -I../Drivers/STM32F4xx_HAL_Driver/Inc/Legacy -I../Drivers/CMSIS/Device/ST/STM32F4xx/Include -I../Drivers/CMSIS/Include -I/Users/renatosoriano/FastBit_Embedded_Courses_Udemy/Course7_Workspace/Target_Workspace/RTOS_workspace/common/ThirdParty/FreeRTOS/include -I/Users/renatosoriano/FastBit_Embedded_Courses_Udemy/Course7_Workspace/Target_Workspace/RTOS_workspace/common/ThirdParty/FreeRTOS/portable/GCC/ARM_CM4F -I/Users/renatosoriano/FastBit_Embedded_Courses_Udemy/Course7_Workspace/Target_Workspace/RTOS_workspace/common/ThirdParty/SEGGER/Config -I/Users/renatosoriano/FastBit_Embedded_Courses_Udemy/Course7_Workspace/Target_Workspace/RTOS_workspace/common/ThirdParty/SEGGER/OS -I/Users/renatosoriano/FastBit_Embedded_Courses_Udemy/Course7_Workspace/Target_Workspace/RTOS_workspace/common/ThirdParty/SEGGER/SEGGER -O0 -ffunction-sections -fdata-sections -Wall -fstack-usage -MMD -MP -MF"Drivers/STM32F4xx_HAL_Driver/Src/stm32f4xx_hal_gpio.d" -MT"Drivers/STM32F4xx_HAL_Driver/Src/stm32f4xx_hal_gpio.o" --specs=nano.specs -mfpu=fpv4-sp-d16 -mfloat-abi=hard -mthumb -o "Drivers/STM32F4xx_HAL_Driver/Src/stm32f4xx_hal_gpio.o"
arm-none-eabi-gcc "../Drivers/STM32F4xx_HAL_Driver/Src/stm32f4xx_hal_pwr.c" -mcpu=cortex-m4 -std=gnu11 -g3 -DDEBUG -DUSE_HAL_DRIVER -DSTM32F446xx -c -I../Core/Inc -I../Drivers/STM32F4xx_HAL_Driver/Inc -I../Drivers/STM32F4xx_HAL_Driver/Inc/Legacy -I../Drivers/CMSIS/Device/ST/STM32F4xx/Include -I../Drivers/CMSIS/Include -I/Users/renatosoriano/FastBit_Embedded_Courses_Udemy/Course7_Workspace/Target_Workspace/RTOS_workspace/common/ThirdParty/FreeRTOS/include -I/Users/renatosoriano/FastBit_Embedded_Courses_Udemy/Course7_Workspace/Target_Workspace/RTOS_workspace/common/ThirdParty/FreeRTOS/portable/GCC/ARM_CM4F -I/Users/renatosoriano/FastBit_Embedded_Courses_Udemy/Course7_Workspace/Target_Workspace/RTOS_workspace/common/ThirdParty/SEGGER/Config -I/Users/renatosoriano/FastBit_Embedded_Courses_Udemy/Course7_Workspace/Target_Workspace/RTOS_workspace/common/ThirdParty/SEGGER/OS -I/Users/renatosoriano/FastBit_Embedded_Courses_Udemy/Course7_Workspace/Target_Workspace/RTOS_workspace/common/ThirdParty/SEGGER/SEGGER -O0 -ffunction-sections -fdata-sections -Wall -fstack-usage -MMD -MP -MF"Drivers/STM32F4xx_HAL_Driver/Src/stm32f4xx_hal_pwr.d" -MT"Drivers/STM32F4xx_HAL_Driver/Src/stm32f4xx_hal_pwr.o" --specs=nano.specs -mfpu=fpv4-sp-d16 -mfloat-abi=hard -mthumb -o "Drivers/STM32F4xx_HAL_Driver/Src/stm32f4xx_hal_pwr.o"
arm-none-eabi-gcc "../Drivers/STM32F4xx_HAL_Driver/Src/stm32f4xx_hal_pwr_ex.c" -mcpu=cortex-m4 -std=gnu11 -g3 -DDEBUG -DUSE_HAL_DRIVER -DSTM32F446xx -c -I../Core/Inc -I../Drivers/STM32F4xx_HAL_Driver/Inc -I../Drivers/STM32F4xx_HAL_Driver/Inc/Legacy -I../Drivers/CMSIS/Device/ST/STM32F4xx/Include -I../Drivers/CMSIS/Include -I/Users/renatosoriano/FastBit_Embedded_Courses_Udemy/Course7_Workspace/Target_Workspace/RTOS_workspace/common/ThirdParty/FreeRTOS/include -I/Users/renatosoriano/FastBit_Embedded_Courses_Udemy/Course7_Workspace/Target_Workspace/RTOS_workspace/common/ThirdParty/FreeRTOS/portable/GCC/ARM_CM4F -I/Users/renatosoriano/FastBit_Embedded_Courses_Udemy/Course7_Workspace/Target_Workspace/RTOS_workspace/common/ThirdParty/SEGGER/Config -I/Users/renatosoriano/FastBit_Embedded_Courses_Udemy/Course7_Workspace/Target_Workspace/RTOS_workspace/common/ThirdParty/SEGGER/OS -I/Users/renatosoriano/FastBit_Embedded_Courses_Udemy/Course7_Workspace/Target_Workspace/RTOS_workspace/common/ThirdParty/SEGGER/SEGGER -O0 -ffunction-sections -fdata-sections -Wall -fstack-usage -MMD -MP -MF"Drivers/STM32F4xx_HAL_Driver/Src/stm32f4xx_hal_pwr_ex.d" -MT"Drivers/STM32F4xx_HAL_Driver/Src/stm32f4xx_hal_pwr_ex.o" --specs=nano.specs -mfpu=fpv4-sp-d16 -mfloat-abi=hard -mthumb -o "Drivers/STM32F4xx_HAL_Driver/Src/stm32f4xx_hal_pwr_ex.o"
arm-none-eabi-gcc "../Drivers/STM32F4xx_HAL_Driver/Src/stm32f4xx_hal_rcc.c" -mcpu=cortex-m4 -std=gnu11 -g3 -DDEBUG -DUSE_HAL_DRIVER -DSTM32F446xx -c -I../Core/Inc -I../Drivers/STM32F4xx_HAL_Driver/Inc -I../Drivers/STM32F4xx_HAL_Driver/Inc/Legacy -I../Drivers/CMSIS/Device/ST/STM32F4xx/Include -I../Drivers/CMSIS/Include -I/Users/renatosoriano/FastBit_Embedded_Courses_Udemy/Course7_Workspace/Target_Workspace/RTOS_workspace/common/ThirdParty/FreeRTOS/include -I/Users/renatosoriano/FastBit_Embedded_Courses_Udemy/Course7_Workspace/Target_Workspace/RTOS_workspace/common/ThirdParty/FreeRTOS/portable/GCC/ARM_CM4F -I/Users/renatosoriano/FastBit_Embedded_Courses_Udemy/Course7_Workspace/Target_Workspace/RTOS_workspace/common/ThirdParty/SEGGER/Config -I/Users/renatosoriano/FastBit_Embedded_Courses_Udemy/Course7_Workspace/Target_Workspace/RTOS_workspace/common/ThirdParty/SEGGER/OS -I/Users/renatosoriano/FastBit_Embedded_Courses_Udemy/Course7_Workspace/Target_Workspace/RTOS_workspace/common/ThirdParty/SEGGER/SEGGER -O0 -ffunction-sections -fdata-sections -Wall -fstack-usage -MMD -MP -MF"Drivers/STM32F4xx_HAL_Driver/Src/stm32f4xx_hal_rcc.d" -MT"Drivers/STM32F4xx_HAL_Driver/Src/stm32f4xx_hal_rcc.o" --specs=nano.specs -mfpu=fpv4-sp-d16 -mfloat-abi=hard -mthumb -o "Drivers/STM32F4xx_HAL_Driver/Src/stm32f4xx_hal_rcc.o"
arm-none-eabi-gcc "../Drivers/STM32F4xx_HAL_Driver/Src/stm32f4xx_hal_rcc_ex.c" -mcpu=cortex-m4 -std=gnu11 -g3 -DDEBUG -DUSE_HAL_DRIVER -DSTM32F446xx -c -I../Core/Inc -I../Drivers/STM32F4xx_HAL_Driver/Inc -I../Drivers/STM32F4xx_HAL_Driver/Inc/Legacy -I../Drivers/CMSIS/Device/ST/STM32F4xx/Include -I../Drivers/CMSIS/Include -I/Users/renatosoriano/FastBit_Embedded_Courses_Udemy/Course7_Workspace/Target_Workspace/RTOS_workspace/common/ThirdParty/FreeRTOS/include -I/Users/renatosoriano/FastBit_Embedded_Courses_Udemy/Course7_Workspace/Target_Workspace/RTOS_workspace/common/ThirdParty/FreeRTOS/portable/GCC/ARM_CM4F -I/Users/renatosoriano/FastBit_Embedded_Courses_Udemy/Course7_Workspace/Target_Workspace/RTOS_workspace/common/ThirdParty/SEGGER/Config -I/Users/renatosoriano/FastBit_Embedded_Courses_Udemy/Course7_Workspace/Target_Workspace/RTOS_workspace/common/ThirdParty/SEGGER/OS -I/Users/renatosoriano/FastBit_Embedded_Courses_Udemy/Course7_Workspace/Target_Workspace/RTOS_workspace/common/ThirdParty/SEGGER/SEGGER -O0 -ffunction-sections -fdata-sections -Wall -fstack-usage -MMD -MP -MF"Drivers/STM32F4xx_HAL_Driver/Src/stm32f4xx_hal_rcc_ex.d" -MT"Drivers/STM32F4xx_HAL_Driver/Src/stm32f4xx_hal_rcc_ex.o" --specs=nano.specs -mfpu=fpv4-sp-d16 -mfloat-abi=hard -mthumb -o "Drivers/STM32F4xx_HAL_Driver/Src/stm32f4xx_hal_rcc_ex.o"
arm-none-eabi-gcc "../Drivers/STM32F4xx_HAL_Driver/Src/stm32f4xx_hal_tim.c" -mcpu=cortex-m4 -std=gnu11 -g3 -DDEBUG -DUSE_HAL_DRIVER -DSTM32F446xx -c -I../Core/Inc -I../Drivers/STM32F4xx_HAL_Driver/Inc -I../Drivers/STM32F4xx_HAL_Driver/Inc/Legacy -I../Drivers/CMSIS/Device/ST/STM32F4xx/Include -I../Drivers/CMSIS/Include -I/Users/renatosoriano/FastBit_Embedded_Courses_Udemy/Course7_Workspace/Target_Workspace/RTOS_workspace/common/ThirdParty/FreeRTOS/include -I/Users/renatosoriano/FastBit_Embedded_Courses_Udemy/Course7_Workspace/Target_Workspace/RTOS_workspace/common/ThirdParty/FreeRTOS/portable/GCC/ARM_CM4F -I/Users/renatosoriano/FastBit_Embedded_Courses_Udemy/Course7_Workspace/Target_Workspace/RTOS_workspace/common/ThirdParty/SEGGER/Config -I/Users/renatosoriano/FastBit_Embedded_Courses_Udemy/Course7_Workspace/Target_Workspace/RTOS_workspace/common/ThirdParty/SEGGER/OS -I/Users/renatosoriano/FastBit_Embedded_Courses_Udemy/Course7_Workspace/Target_Workspace/RTOS_workspace/common/ThirdParty/SEGGER/SEGGER -O0 -ffunction-sections -fdata-sections -Wall -fstack-usage -MMD -MP -MF"Drivers/STM32F4xx_HAL_Driver/Src/stm32f4xx_hal_tim.d" -MT"Drivers/STM32F4xx_HAL_Driver/Src/stm32f4xx_hal_tim.o" --specs=nano.specs -mfpu=fpv4-sp-d16 -mfloat-abi=hard -mthumb -o "Drivers/STM32F4xx_HAL_Driver/Src/stm32f4xx_hal_tim.o"
arm-none-eabi-gcc "../Drivers/STM32F4xx_HAL_Driver/Src/stm32f4xx_hal_tim_ex.c" -mcpu=cortex-m4 -std=gnu11 -g3 -DDEBUG -DUSE_HAL_DRIVER -DSTM32F446xx -c -I../Core/Inc -I../Drivers/STM32F4xx_HAL_Driver/Inc -I../Drivers/STM32F4xx_HAL_Driver/Inc/Legacy -I../Drivers/CMSIS/Device/ST/STM32F4xx/Include -I../Drivers/CMSIS/Include -I/Users/renatosoriano/FastBit_Embedded_Courses_Udemy/Course7_Workspace/Target_Workspace/RTOS_workspace/common/ThirdParty/FreeRTOS/include -I/Users/renatosoriano/FastBit_Embedded_Courses_Udemy/Course7_Workspace/Target_Workspace/RTOS_workspace/common/ThirdParty/FreeRTOS/portable/GCC/ARM_CM4F -I/Users/renatosoriano/FastBit_Embedded_Courses_Udemy/Course7_Workspace/Target_Workspace/RTOS_workspace/common/ThirdParty/SEGGER/Config -I/Users/renatosoriano/FastBit_Embedded_Courses_Udemy/Course7_Workspace/Target_Workspace/RTOS_workspace/common/ThirdParty/SEGGER/OS -I/Users/renatosoriano/FastBit_Embedded_Courses_Udemy/Course7_Workspace/Target_Workspace/RTOS_workspace/common/ThirdParty/SEGGER/SEGGER -O0 -ffunction-sections -fdata-sections -Wall -fstack-usage -MMD -MP -MF"Drivers/STM32F4xx_HAL_Driver/Src/stm32f4xx_hal_tim_ex.d" -MT"Drivers/STM32F4xx_HAL_Driver/Src/stm32f4xx_hal_tim_ex.o" --specs=nano.specs -mfpu=fpv4-sp-d16 -mfloat-abi=hard -mthumb -o "Drivers/STM32F4xx_HAL_Driver/Src/stm32f4xx_hal_tim_ex.o"
arm-none-eabi-gcc -mcpu=cortex-m4 -g3 -DDEBUG -c -I/Users/renatosoriano/FastBit_Embedded_Courses_Udemy/Course7_Workspace/Target_Workspace/RTOS_workspace/common/ThirdParty/SEGGER/Config -I/Users/renatosoriano/FastBit_Embedded_Courses_Udemy/Course7_Workspace/Target_Workspace/RTOS_workspace/common/ThirdParty/SEGGER/SEGGER -x assembler-with-cpp -MMD -MP -MF"Core/Startup/startup_stm32f446retx.d" -MT"Core/Startup/startup_stm32f446retx.o" --specs=nano.specs -mfpu=fpv4-sp-d16 -mfloat-abi=hard -mthumb -o "Core/Startup/startup_stm32f446retx.o" "../Core/Startup/startup_stm32f446retx.s"
arm-none-eabi-gcc "../Core/Src/main.c" -mcpu=cortex-m4 -std=gnu11 -g3 -DDEBUG -DUSE_HAL_DRIVER -DSTM32F446xx -c -I../Core/Inc -I../Drivers/STM32F4xx_HAL_Driver/Inc -I../Drivers/STM32F4xx_HAL_Driver/Inc/Legacy -I../Drivers/CMSIS/Device/ST/STM32F4xx/Include -I../Drivers/CMSIS/Include -I/Users/renatosoriano/FastBit_Embedded_Courses_Udemy/Course7_Workspace/Target_Workspace/RTOS_workspace/common/ThirdParty/FreeRTOS/include -I/Users/renatosoriano/FastBit_Embedded_Courses_Udemy/Course7_Workspace/Target_Workspace/RTOS_workspace/common/ThirdParty/FreeRTOS/portable/GCC/ARM_CM4F -I/Users/renatosoriano/FastBit_Embedded_Courses_Udemy/Course7_Workspace/Target_Workspace/RTOS_workspace/common/ThirdParty/SEGGER/Config -I/Users/renatosoriano/FastBit_Embedded_Courses_Udemy/Course7_Workspace/Target_Workspace/RTOS_workspace/common/ThirdParty/SEGGER/OS -I/Users/renatosoriano/FastBit_Embedded_Courses_Udemy/Course7_Workspace/Target_Workspace/RTOS_workspace/common/ThirdParty/SEGGER/SEGGER -O0 -ffunction-sections -fdata-sections -Wall -fstack-usage -MMD -MP -MF"Core/Src/main.d" -MT"Core/Src/main.o" --specs=nano.specs -mfpu=fpv4-sp-d16 -mfloat-abi=hard -mthumb -o "Core/Src/main.o"
arm-none-eabi-gcc "../Core/Src/stm32f4xx_hal_msp.c" -mcpu=cortex-m4 -std=gnu11 -g3 -DDEBUG -DUSE_HAL_DRIVER -DSTM32F446xx -c -I../Core/Inc -I../Drivers/STM32F4xx_HAL_Driver/Inc -I../Drivers/STM32F4xx_HAL_Driver/Inc/Legacy -I../Drivers/CMSIS/Device/ST/STM32F4xx/Include -I../Drivers/CMSIS/Include -I/Users/renatosoriano/FastBit_Embedded_Courses_Udemy/Course7_Workspace/Target_Workspace/RTOS_workspace/common/ThirdParty/FreeRTOS/include -I/Users/renatosoriano/FastBit_Embedded_Courses_Udemy/Course7_Workspace/Target_Workspace/RTOS_workspace/common/ThirdParty/FreeRTOS/portable/GCC/ARM_CM4F -I/Users/renatosoriano/FastBit_Embedded_Courses_Udemy/Course7_Workspace/Target_Workspace/RTOS_workspace/common/ThirdParty/SEGGER/Config -I/Users/renatosoriano/FastBit_Embedded_Courses_Udemy/Course7_Workspace/Target_Workspace/RTOS_workspace/common/ThirdParty/SEGGER/OS -I/Users/renatosoriano/FastBit_Embedded_Courses_Udemy/Course7_Workspace/Target_Workspace/RTOS_workspace/common/ThirdParty/SEGGER/SEGGER -O0 -ffunction-sections -fdata-sections -Wall -fstack-usage -MMD -MP -MF"Core/Src/stm32f4xx_hal_msp.d" -MT"Core/Src/stm32f4xx_hal_msp.o" --specs=nano.specs -mfpu=fpv4-sp-d16 -mfloat-abi=hard -mthumb -o "Core/Src/stm32f4xx_hal_msp.o"
arm-none-eabi-gcc "../Core/Src/stm32f4xx_hal_timebase_tim.c" -mcpu=cortex-m4 -std=gnu11 -g3 -DDEBUG -DUSE_HAL_DRIVER -DSTM32F446xx -c -I../Core/Inc -I../Drivers/STM32F4xx_HAL_Driver/Inc -I../Drivers/STM32F4xx_HAL_Driver/Inc/Legacy -I../Drivers/CMSIS/Device/ST/STM32F4xx/Include -I../Drivers/CMSIS/Include -I/Users/renatosoriano/FastBit_Embedded_Courses_Udemy/Course7_Workspace/Target_Workspace/RTOS_workspace/common/ThirdParty/FreeRTOS/include -I/Users/renatosoriano/FastBit_Embedded_Courses_Udemy/Course7_Workspace/Target_Workspace/RTOS_workspace/common/ThirdParty/FreeRTOS/portable/GCC/ARM_CM4F -I/Users/renatosoriano/FastBit_Embedded_Courses_Udemy/Course7_Workspace/Target_Workspace/RTOS_workspace/common/ThirdParty/SEGGER/Config -I/Users/renatosoriano/FastBit_Embedded_Courses_Udemy/Course7_Workspace/Target_Workspace/RTOS_workspace/common/ThirdParty/SEGGER/OS -I/Users/renatosoriano/FastBit_Embedded_Courses_Udemy/Course7_Workspace/Target_Workspace/RTOS_workspace/common/ThirdParty/SEGGER/SEGGER -O0 -ffunction-sections -fdata-sections -Wall -fstack-usage -MMD -MP -MF"Core/Src/stm32f4xx_hal_timebase_tim.d" -MT"Core/Src/stm32f4xx_hal_timebase_tim.o" --specs=nano.specs -mfpu=fpv4-sp-d16 -mfloat-abi=hard -mthumb -o "Core/Src/stm32f4xx_hal_timebase_tim.o"
arm-none-eabi-gcc "../Core/Src/stm32f4xx_it.c" -mcpu=cortex-m4 -std=gnu11 -g3 -DDEBUG -DUSE_HAL_DRIVER -DSTM32F446xx -c -I../Core/Inc -I../Drivers/STM32F4xx_HAL_Driver/Inc -I../Drivers/STM32F4xx_HAL_Driver/Inc/Legacy -I../Drivers/CMSIS/Device/ST/STM32F4xx/Include -I../Drivers/CMSIS/Include -I/Users/renatosoriano/FastBit_Embedded_Courses_Udemy/Course7_Workspace/Target_Workspace/RTOS_workspace/common/ThirdParty/FreeRTOS/include -I/Users/renatosoriano/FastBit_Embedded_Courses_Udemy/Course7_Workspace/Target_Workspace/RTOS_workspace/common/ThirdParty/FreeRTOS/portable/GCC/ARM_CM4F -I/Users/renatosoriano/FastBit_Embedded_Courses_Udemy/Course7_Workspace/Target_Workspace/RTOS_workspace/common/ThirdParty/SEGGER/Config -I/Users/renatosoriano/FastBit_Embedded_Courses_Udemy/Course7_Workspace/Target_Workspace/RTOS_workspace/common/ThirdParty/SEGGER/OS -I/Users/renatosoriano/FastBit_Embedded_Courses_Udemy/Course7_Workspace/Target_Workspace/RTOS_workspace/common/ThirdParty/SEGGER/SEGGER -O0 -ffunction-sections -fdata-sections -Wall -fstack-usage -MMD -MP -MF"Core/Src/stm32f4xx_it.d" -MT"Core/Src/stm32f4xx_it.o" --specs=nano.specs -mfpu=fpv4-sp-d16 -mfloat-abi=hard -mthumb -o "Core/Src/stm32f4xx_it.o"
arm-none-eabi-gcc "../Core/Src/syscalls.c" -mcpu=cortex-m4 -std=gnu11 -g3 -DDEBUG -DUSE_HAL_DRIVER -DSTM32F446xx -c -I../Core/Inc -I../Drivers/STM32F4xx_HAL_Driver/Inc -I../Drivers/STM32F4xx_HAL_Driver/Inc/Legacy -I../Drivers/CMSIS/Device/ST/STM32F4xx/Include -I../Drivers/CMSIS/Include -I/Users/renatosoriano/FastBit_Embedded_Courses_Udemy/Course7_Workspace/Target_Workspace/RTOS_workspace/common/ThirdParty/FreeRTOS/include -I/Users/renatosoriano/FastBit_Embedded_Courses_Udemy/Course7_Workspace/Target_Workspace/RTOS_workspace/common/ThirdParty/FreeRTOS/portable/GCC/ARM_CM4F -I/Users/renatosoriano/FastBit_Embedded_Courses_Udemy/Course7_Workspace/Target_Workspace/RTOS_workspace/common/ThirdParty/SEGGER/Config -I/Users/renatosoriano/FastBit_Embedded_Courses_Udemy/Course7_Workspace/Target_Workspace/RTOS_workspace/common/ThirdParty/SEGGER/OS -I/Users/renatosoriano/FastBit_Embedded_Courses_Udemy/Course7_Workspace/Target_Workspace/RTOS_workspace/common/ThirdParty/SEGGER/SEGGER -O0 -ffunction-sections -fdata-sections -Wall -fstack-usage -MMD -MP -MF"Core/Src/syscalls.d" -MT"Core/Src/syscalls.o" --specs=nano.specs -mfpu=fpv4-sp-d16 -mfloat-abi=hard -mthumb -o "Core/Src/syscalls.o"
arm-none-eabi-gcc "../Core/Src/sysmem.c" -mcpu=cortex-m4 -std=gnu11 -g3 -DDEBUG -DUSE_HAL_DRIVER -DSTM32F446xx -c -I../Core/Inc -I../Drivers/STM32F4xx_HAL_Driver/Inc -I../Drivers/STM32F4xx_HAL_Driver/Inc/Legacy -I../Drivers/CMSIS/Device/ST/STM32F4xx/Include -I../Drivers/CMSIS/Include -I/Users/renatosoriano/FastBit_Embedded_Courses_Udemy/Course7_Workspace/Target_Workspace/RTOS_workspace/common/ThirdParty/FreeRTOS/include -I/Users/renatosoriano/FastBit_Embedded_Courses_Udemy/Course7_Workspace/Target_Workspace/RTOS_workspace/common/ThirdParty/FreeRTOS/portable/GCC/ARM_CM4F -I/Users/renatosoriano/FastBit_Embedded_Courses_Udemy/Course7_Workspace/Target_Workspace/RTOS_workspace/common/ThirdParty/SEGGER/Config -I/Users/renatosoriano/FastBit_Embedded_Courses_Udemy/Course7_Workspace/Target_Workspace/RTOS_workspace/common/ThirdParty/SEGGER/OS -I/Users/renatosoriano/FastBit_Embedded_Courses_Udemy/Course7_Workspace/Target_Workspace/RTOS_workspace/common/ThirdParty/SEGGER/SEGGER -O0 -ffunction-sections -fdata-sections -Wall -fstack-usage -MMD -MP -MF"Core/Src/sysmem.d" -MT"Core/Src/sysmem.o" --specs=nano.specs -mfpu=fpv4-sp-d16 -mfloat-abi=hard -mthumb -o "Core/Src/sysmem.o"
arm-none-eabi-gcc "../Core/Src/system_stm32f4xx.c" -mcpu=cortex-m4 -std=gnu11 -g3 -DDEBUG -DUSE_HAL_DRIVER -DSTM32F446xx -c -I../Core/Inc -I../Drivers/STM32F4xx_HAL_Driver/Inc -I../Drivers/STM32F4xx_HAL_Driver/Inc/Legacy -I../Drivers/CMSIS/Device/ST/STM32F4xx/Include -I../Drivers/CMSIS/Include -I/Users/renatosoriano/FastBit_Embedded_Courses_Udemy/Course7_Workspace/Target_Workspace/RTOS_workspace/common/ThirdParty/FreeRTOS/include -I/Users/renatosoriano/FastBit_Embedded_Courses_Udemy/Course7_Workspace/Target_Workspace/RTOS_workspace/common/ThirdParty/FreeRTOS/portable/GCC/ARM_CM4F -I/Users/renatosoriano/FastBit_Embedded_Courses_Udemy/Course7_Workspace/Target_Workspace/RTOS_workspace/common/ThirdParty/SEGGER/Config -I/Users/renatosoriano/FastBit_Embedded_Courses_Udemy/Course7_Workspace/Target_Workspace/RTOS_workspace/common/ThirdParty/SEGGER/OS -I/Users/renatosoriano/FastBit_Embedded_Courses_Udemy/Course7_Workspace/Target_Workspace/RTOS_workspace/common/ThirdParty/SEGGER/SEGGER -O0 -ffunction-sections -fdata-sections -Wall -fstack-usage -MMD -MP -MF"Core/Src/system_stm32f4xx.d" -MT"Core/Src/system_stm32f4xx.o" --specs=nano.specs -mfpu=fpv4-sp-d16 -mfloat-abi=hard -mthumb -o "Core/Src/system_stm32f4xx.o"
arm-none-eabi-gcc -o "004LED_Periodic_Tasks.elf" @"objects.list"   -mcpu=cortex-m4 -T"/Users/renatosoriano/FastBit_Embedded_Courses_Udemy/Course7_Workspace/Target_Workspace/RTOS_workspace/004LED_Periodic_Tasks/STM32F446RETX_FLASH.ld" --specs=nosys.specs -Wl,-Map="004LED_Periodic_Tasks.map" -Wl,--gc-sections -static --specs=nano.specs -mfpu=fpv4-sp-d16 -mfloat-abi=hard -mthumb -Wl,--start-group -lc -lm -Wl,--end-group
Finished building target: 004LED_Periodic_Tasks.elf
 
arm-none-eabi-size   004LED_Periodic_Tasks.elf 
arm-none-eabi-objdump -h -S  004LED_Periodic_Tasks.elf  > "004LED_Periodic_Tasks.list"
   text	   data	    bss	    dec	    hex	filename
  25124	     36	 110100	 135260	  2105c	004LED_Periodic_Tasks.elf
Finished building: default.size.stdout
 
Finished building: 004LED_Periodic_Tasks.list
 
23:24:45 **** Clean-only build of configuration Debug for project 004LED_Periodic_Tasks ****
make -j9 clean 
rm -rf ./common/ThirdParty/SEGGER/SEGGER/Syscalls/SEGGER_RTT_Syscalls_GCC.d ./common/ThirdParty/SEGGER/SEGGER/Syscalls/SEGGER_RTT_Syscalls_GCC.o ./common/ThirdParty/SEGGER/SEGGER/Syscalls/SEGGER_RTT_Syscalls_GCC.su
rm -rf ./common/ThirdParty/SEGGER/SEGGER/SEGGER_RTT.d ./common/ThirdParty/SEGGER/SEGGER/SEGGER_RTT.o ./common/ThirdParty/SEGGER/SEGGER/SEGGER_RTT.su ./common/ThirdParty/SEGGER/SEGGER/SEGGER_RTT_ASM_ARMv7M.d ./common/ThirdParty/SEGGER/SEGGER/SEGGER_RTT_ASM_ARMv7M.o ./common/ThirdParty/SEGGER/SEGGER/SEGGER_RTT_printf.d ./common/ThirdParty/SEGGER/SEGGER/SEGGER_RTT_printf.o ./common/ThirdParty/SEGGER/SEGGER/SEGGER_RTT_printf.su ./common/ThirdParty/SEGGER/SEGGER/SEGGER_SYSVIEW.d ./common/ThirdParty/SEGGER/SEGGER/SEGGER_SYSVIEW.o ./common/ThirdParty/SEGGER/SEGGER/SEGGER_SYSVIEW.su
rm -rf ./common/ThirdParty/SEGGER/Rec/segger_uart.d ./common/ThirdParty/SEGGER/Rec/segger_uart.o ./common/ThirdParty/SEGGER/Rec/segger_uart.su
rm -rf ./common/ThirdParty/SEGGER/OS/SEGGER_SYSVIEW_FreeRTOS.d ./common/ThirdParty/SEGGER/OS/SEGGER_SYSVIEW_FreeRTOS.o ./common/ThirdParty/SEGGER/OS/SEGGER_SYSVIEW_FreeRTOS.su
rm -rf ./common/ThirdParty/SEGGER/Config/SEGGER_SYSVIEW_Config_FreeRTOS.d ./common/ThirdParty/SEGGER/Config/SEGGER_SYSVIEW_Config_FreeRTOS.o ./common/ThirdParty/SEGGER/Config/SEGGER_SYSVIEW_Config_FreeRTOS.su
rm -rf ./common/ThirdParty/FreeRTOS/portable/MemMang/heap_4.d ./common/ThirdParty/FreeRTOS/portable/MemMang/heap_4.o ./common/ThirdParty/FreeRTOS/portable/MemMang/heap_4.su
rm -rf ./common/ThirdParty/FreeRTOS/portable/GCC/ARM_CM4F/port.d ./common/ThirdParty/FreeRTOS/portable/GCC/ARM_CM4F/port.o ./common/ThirdParty/FreeRTOS/portable/GCC/ARM_CM4F/port.su
rm -rf ./common/ThirdParty/FreeRTOS/croutine.d ./common/ThirdParty/FreeRTOS/croutine.o ./common/ThirdParty/FreeRTOS/croutine.su ./common/ThirdParty/FreeRTOS/event_groups.d ./common/ThirdParty/FreeRTOS/event_groups.o ./common/ThirdParty/FreeRTOS/event_groups.su ./common/ThirdParty/FreeRTOS/list.d ./common/ThirdParty/FreeRTOS/list.o ./common/ThirdParty/FreeRTOS/list.su ./common/ThirdParty/FreeRTOS/queue.d ./common/ThirdParty/FreeRTOS/queue.o ./common/ThirdParty/FreeRTOS/queue.su ./common/ThirdParty/FreeRTOS/stream_buffer.d ./common/ThirdParty/FreeRTOS/stream_buffer.o ./common/ThirdParty/FreeRTOS/stream_buffer.su ./common/ThirdParty/FreeRTOS/tasks.d ./common/ThirdParty/FreeRTOS/tasks.o ./common/ThirdParty/FreeRTOS/tasks.su ./common/ThirdParty/FreeRTOS/timers.d ./common/ThirdParty/FreeRTOS/timers.o ./common/ThirdParty/FreeRTOS/timers.su
rm -rf ./Drivers/STM32F4xx_HAL_Driver/Src/stm32f4xx_hal.d ./Drivers/STM32F4xx_HAL_Driver/Src/stm32f4xx_hal.o ./Drivers/STM32F4xx_HAL_Driver/Src/stm32f4xx_hal.su ./Drivers/STM32F4xx_HAL_Driver/Src/stm32f4xx_hal_cortex.d ./Drivers/STM32F4xx_HAL_Driver/Src/stm32f4xx_hal_cortex.o ./Drivers/STM32F4xx_HAL_Driver/Src/stm32f4xx_hal_cortex.su ./Drivers/STM32F4xx_HAL_Driver/Src/stm32f4xx_hal_dma.d ./Drivers/STM32F4xx_HAL_Driver/Src/stm32f4xx_hal_dma.o ./Drivers/STM32F4xx_HAL_Driver/Src/stm32f4xx_hal_dma.su ./Drivers/STM32F4xx_HAL_Driver/Src/stm32f4xx_hal_dma_ex.d ./Drivers/STM32F4xx_HAL_Driver/Src/stm32f4xx_hal_dma_ex.o ./Drivers/STM32F4xx_HAL_Driver/Src/stm32f4xx_hal_dma_ex.su ./Drivers/STM32F4xx_HAL_Driver/Src/stm32f4xx_hal_exti.d ./Drivers/STM32F4xx_HAL_Driver/Src/stm32f4xx_hal_exti.o ./Drivers/STM32F4xx_HAL_Driver/Src/stm32f4xx_hal_exti.su ./Drivers/STM32F4xx_HAL_Driver/Src/stm32f4xx_hal_flash.d ./Drivers/STM32F4xx_HAL_Driver/Src/stm32f4xx_hal_flash.o ./Drivers/STM32F4xx_HAL_Driver/Src/stm32f4xx_hal_flash.su ./Drivers/STM32F4xx_HAL_Driver/Src/stm32f4xx_hal_flash_ex.d ./Drivers/STM32F4xx_HAL_Driver/Src/stm32f4xx_hal_flash_ex.o ./Drivers/STM32F4xx_HAL_Driver/Src/stm32f4xx_hal_flash_ex.su ./Drivers/STM32F4xx_HAL_Driver/Src/stm32f4xx_hal_flash_ramfunc.d ./Drivers/STM32F4xx_HAL_Driver/Src/stm32f4xx_hal_flash_ramfunc.o ./Drivers/STM32F4xx_HAL_Driver/Src/stm32f4xx_hal_flash_ramfunc.su ./Drivers/STM32F4xx_HAL_Driver/Src/stm32f4xx_hal_gpio.d ./Drivers/STM32F4xx_HAL_Driver/Src/stm32f4xx_hal_gpio.o ./Drivers/STM32F4xx_HAL_Driver/Src/stm32f4xx_hal_gpio.su ./Drivers/STM32F4xx_HAL_Driver/Src/stm32f4xx_hal_pwr.d ./Drivers/STM32F4xx_HAL_Driver/Src/stm32f4xx_hal_pwr.o ./Drivers/STM32F4xx_HAL_Driver/Src/stm32f4xx_hal_pwr.su ./Drivers/STM32F4xx_HAL_Driver/Src/stm32f4xx_hal_pwr_ex.d ./Drivers/STM32F4xx_HAL_Driver/Src/stm32f4xx_hal_pwr_ex.o ./Drivers/STM32F4xx_HAL_Driver/Src/stm32f4xx_hal_pwr_ex.su ./Drivers/STM32F4xx_HAL_Driver/Src/stm32f4xx_hal_rcc.d ./Drivers/STM32F4xx_HAL_Driver/Src/stm32f4xx_hal_rcc.o ./Drivers/STM32F4xx_HAL_Driver/Src/stm32f4xx_hal_rcc.su ./Drivers/STM32F4xx_HAL_Driver/Src/stm32f4xx_hal_rcc_ex.d ./Drivers/STM32F4xx_HAL_Driver/Src/stm32f4xx_hal_rcc_ex.o ./Drivers/STM32F4xx_HAL_Driver/Src/stm32f4xx_hal_rcc_ex.su ./Drivers/STM32F4xx_HAL_Driver/Src/stm32f4xx_hal_tim.d ./Drivers/STM32F4xx_HAL_Driver/Src/stm32f4xx_hal_tim.o ./Drivers/STM32F4xx_HAL_Driver/Src/stm32f4xx_hal_tim.su ./Drivers/STM32F4xx_HAL_Driver/Src/stm32f4xx_hal_tim_ex.d ./Drivers/STM32F4xx_HAL_Driver/Src/stm32f4xx_hal_tim_ex.o ./Drivers/STM32F4xx_HAL_Driver/Src/stm32f4xx_hal_tim_ex.su
rm -rf ./Core/Startup/startup_stm32f446retx.d ./Core/Startup/startup_stm32f446retx.o
rm -rf ./Core/Src/main.d ./Core/Src/main.o ./Core/Src/main.su ./Core/Src/stm32f4xx_hal_msp.d ./Core/Src/stm32f4xx_hal_msp.o ./Core/Src/stm32f4xx_hal_msp.su ./Core/Src/stm32f4xx_hal_timebase_tim.d ./Core/Src/stm32f4xx_hal_timebase_tim.o ./Core/Src/stm32f4xx_hal_timebase_tim.su ./Core/Src/stm32f4xx_it.d ./Core/Src/stm32f4xx_it.o ./Core/Src/stm32f4xx_it.su ./Core/Src/syscalls.d ./Core/Src/syscalls.o ./Core/Src/syscalls.su ./Core/Src/sysmem.d ./Core/Src/sysmem.o ./Core/Src/sysmem.su ./Core/Src/system_stm32f4xx.d ./Core/Src/system_stm32f4xx.o ./Core/Src/system_stm32f4xx.su
rm -rf 004LED_Periodic_Tasks.elf 004LED_Periodic_Tasks.list 004LED_Periodic_Tasks.map default.size.stdout
 
23:24:45 **** Incremental Build of configuration Debug for project 004LED_Periodic_Tasks ****
make -j9 all 
arm-none-eabi-gcc "/Users/renatosoriano/FastBit_Embedded_Courses_Udemy/Course7_Workspace/Target_Workspace/RTOS_workspace/common/ThirdParty/SEGGER/SEGGER/Syscalls/SEGGER_RTT_Syscalls_GCC.c" -mcpu=cortex-m4 -std=gnu11 -g3 -DDEBUG -DUSE_HAL_DRIVER -DSTM32F446xx -c -I../Core/Inc -I../Drivers/STM32F4xx_HAL_Driver/Inc -I../Drivers/STM32F4xx_HAL_Driver/Inc/Legacy -I../Drivers/CMSIS/Device/ST/STM32F4xx/Include -I../Drivers/CMSIS/Include -I/Users/renatosoriano/FastBit_Embedded_Courses_Udemy/Course7_Workspace/Target_Workspace/RTOS_workspace/common/ThirdParty/FreeRTOS/include -I/Users/renatosoriano/FastBit_Embedded_Courses_Udemy/Course7_Workspace/Target_Workspace/RTOS_workspace/common/ThirdParty/FreeRTOS/portable/GCC/ARM_CM4F -I/Users/renatosoriano/FastBit_Embedded_Courses_Udemy/Course7_Workspace/Target_Workspace/RTOS_workspace/common/ThirdParty/SEGGER/Config -I/Users/renatosoriano/FastBit_Embedded_Courses_Udemy/Course7_Workspace/Target_Workspace/RTOS_workspace/common/ThirdParty/SEGGER/OS -I/Users/renatosoriano/FastBit_Embedded_Courses_Udemy/Course7_Workspace/Target_Workspace/RTOS_workspace/common/ThirdParty/SEGGER/SEGGER -O0 -ffunction-sections -fdata-sections -Wall -fstack-usage -MMD -MP -MF"common/ThirdParty/SEGGER/SEGGER/Syscalls/SEGGER_RTT_Syscalls_GCC.d" -MT"common/ThirdParty/SEGGER/SEGGER/Syscalls/SEGGER_RTT_Syscalls_GCC.o" --specs=nano.specs -mfpu=fpv4-sp-d16 -mfloat-abi=hard -mthumb -o "common/ThirdParty/SEGGER/SEGGER/Syscalls/SEGGER_RTT_Syscalls_GCC.o"
arm-none-eabi-gcc "/Users/renatosoriano/FastBit_Embedded_Courses_Udemy/Course7_Workspace/Target_Workspace/RTOS_workspace/common/ThirdParty/SEGGER/SEGGER/SEGGER_RTT.c" -mcpu=cortex-m4 -std=gnu11 -g3 -DDEBUG -DUSE_HAL_DRIVER -DSTM32F446xx -c -I../Core/Inc -I../Drivers/STM32F4xx_HAL_Driver/Inc -I../Drivers/STM32F4xx_HAL_Driver/Inc/Legacy -I../Drivers/CMSIS/Device/ST/STM32F4xx/Include -I../Drivers/CMSIS/Include -I/Users/renatosoriano/FastBit_Embedded_Courses_Udemy/Course7_Workspace/Target_Workspace/RTOS_workspace/common/ThirdParty/FreeRTOS/include -I/Users/renatosoriano/FastBit_Embedded_Courses_Udemy/Course7_Workspace/Target_Workspace/RTOS_workspace/common/ThirdParty/FreeRTOS/portable/GCC/ARM_CM4F -I/Users/renatosoriano/FastBit_Embedded_Courses_Udemy/Course7_Workspace/Target_Workspace/RTOS_workspace/common/ThirdParty/SEGGER/Config -I/Users/renatosoriano/FastBit_Embedded_Courses_Udemy/Course7_Workspace/Target_Workspace/RTOS_workspace/common/ThirdParty/SEGGER/OS -I/Users/renatosoriano/FastBit_Embedded_Courses_Udemy/Course7_Workspace/Target_Workspace/RTOS_workspace/common/ThirdParty/SEGGER/SEGGER -O0 -ffunction-sections -fdata-sections -Wall -fstack-usage -MMD -MP -MF"common/ThirdParty/SEGGER/SEGGER/SEGGER_RTT.d" -MT"common/ThirdParty/SEGGER/SEGGER/SEGGER_RTT.o" --specs=nano.specs -mfpu=fpv4-sp-d16 -mfloat-abi=hard -mthumb -o "common/ThirdParty/SEGGER/SEGGER/SEGGER_RTT.o"
arm-none-eabi-gcc -mcpu=cortex-m4 -g3 -DDEBUG -c -I/Users/renatosoriano/FastBit_Embedded_Courses_Udemy/Course7_Workspace/Target_Workspace/RTOS_workspace/common/ThirdParty/SEGGER/Config -I/Users/renatosoriano/FastBit_Embedded_Courses_Udemy/Course7_Workspace/Target_Workspace/RTOS_workspace/common/ThirdParty/SEGGER/SEGGER -x assembler-with-cpp -MMD -MP -MF"common/ThirdParty/SEGGER/SEGGER/SEGGER_RTT_ASM_ARMv7M.d" -MT"common/ThirdParty/SEGGER/SEGGER/SEGGER_RTT_ASM_ARMv7M.o" --specs=nano.specs -mfpu=fpv4-sp-d16 -mfloat-abi=hard -mthumb -o "common/ThirdParty/SEGGER/SEGGER/SEGGER_RTT_ASM_ARMv7M.o" "/Users/renatosoriano/FastBit_Embedded_Courses_Udemy/Course7_Workspace/Target_Workspace/RTOS_workspace/common/ThirdParty/SEGGER/SEGGER/SEGGER_RTT_ASM_ARMv7M.S"
arm-none-eabi-gcc "/Users/renatosoriano/FastBit_Embedded_Courses_Udemy/Course7_Workspace/Target_Workspace/RTOS_workspace/common/ThirdParty/SEGGER/SEGGER/SEGGER_RTT_printf.c" -mcpu=cortex-m4 -std=gnu11 -g3 -DDEBUG -DUSE_HAL_DRIVER -DSTM32F446xx -c -I../Core/Inc -I../Drivers/STM32F4xx_HAL_Driver/Inc -I../Drivers/STM32F4xx_HAL_Driver/Inc/Legacy -I../Drivers/CMSIS/Device/ST/STM32F4xx/Include -I../Drivers/CMSIS/Include -I/Users/renatosoriano/FastBit_Embedded_Courses_Udemy/Course7_Workspace/Target_Workspace/RTOS_workspace/common/ThirdParty/FreeRTOS/include -I/Users/renatosoriano/FastBit_Embedded_Courses_Udemy/Course7_Workspace/Target_Workspace/RTOS_workspace/common/ThirdParty/FreeRTOS/portable/GCC/ARM_CM4F -I/Users/renatosoriano/FastBit_Embedded_Courses_Udemy/Course7_Workspace/Target_Workspace/RTOS_workspace/common/ThirdParty/SEGGER/Config -I/Users/renatosoriano/FastBit_Embedded_Courses_Udemy/Course7_Workspace/Target_Workspace/RTOS_workspace/common/ThirdParty/SEGGER/OS -I/Users/renatosoriano/FastBit_Embedded_Courses_Udemy/Course7_Workspace/Target_Workspace/RTOS_workspace/common/ThirdParty/SEGGER/SEGGER -O0 -ffunction-sections -fdata-sections -Wall -fstack-usage -MMD -MP -MF"common/ThirdParty/SEGGER/SEGGER/SEGGER_RTT_printf.d" -MT"common/ThirdParty/SEGGER/SEGGER/SEGGER_RTT_printf.o" --specs=nano.specs -mfpu=fpv4-sp-d16 -mfloat-abi=hard -mthumb -o "common/ThirdParty/SEGGER/SEGGER/SEGGER_RTT_printf.o"
arm-none-eabi-gcc "/Users/renatosoriano/FastBit_Embedded_Courses_Udemy/Course7_Workspace/Target_Workspace/RTOS_workspace/common/ThirdParty/SEGGER/SEGGER/SEGGER_SYSVIEW.c" -mcpu=cortex-m4 -std=gnu11 -g3 -DDEBUG -DUSE_HAL_DRIVER -DSTM32F446xx -c -I../Core/Inc -I../Drivers/STM32F4xx_HAL_Driver/Inc -I../Drivers/STM32F4xx_HAL_Driver/Inc/Legacy -I../Drivers/CMSIS/Device/ST/STM32F4xx/Include -I../Drivers/CMSIS/Include -I/Users/renatosoriano/FastBit_Embedded_Courses_Udemy/Course7_Workspace/Target_Workspace/RTOS_workspace/common/ThirdParty/FreeRTOS/include -I/Users/renatosoriano/FastBit_Embedded_Courses_Udemy/Course7_Workspace/Target_Workspace/RTOS_workspace/common/ThirdParty/FreeRTOS/portable/GCC/ARM_CM4F -I/Users/renatosoriano/FastBit_Embedded_Courses_Udemy/Course7_Workspace/Target_Workspace/RTOS_workspace/common/ThirdParty/SEGGER/Config -I/Users/renatosoriano/FastBit_Embedded_Courses_Udemy/Course7_Workspace/Target_Workspace/RTOS_workspace/common/ThirdParty/SEGGER/OS -I/Users/renatosoriano/FastBit_Embedded_Courses_Udemy/Course7_Workspace/Target_Workspace/RTOS_workspace/common/ThirdParty/SEGGER/SEGGER -O0 -ffunction-sections -fdata-sections -Wall -fstack-usage -MMD -MP -MF"common/ThirdParty/SEGGER/SEGGER/SEGGER_SYSVIEW.d" -MT"common/ThirdParty/SEGGER/SEGGER/SEGGER_SYSVIEW.o" --specs=nano.specs -mfpu=fpv4-sp-d16 -mfloat-abi=hard -mthumb -o "common/ThirdParty/SEGGER/SEGGER/SEGGER_SYSVIEW.o"
arm-none-eabi-gcc "/Users/renatosoriano/FastBit_Embedded_Courses_Udemy/Course7_Workspace/Target_Workspace/RTOS_workspace/common/ThirdParty/SEGGER/Rec/segger_uart.c" -mcpu=cortex-m4 -std=gnu11 -g3 -DDEBUG -DUSE_HAL_DRIVER -DSTM32F446xx -c -I../Core/Inc -I../Drivers/STM32F4xx_HAL_Driver/Inc -I../Drivers/STM32F4xx_HAL_Driver/Inc/Legacy -I../Drivers/CMSIS/Device/ST/STM32F4xx/Include -I../Drivers/CMSIS/Include -I/Users/renatosoriano/FastBit_Embedded_Courses_Udemy/Course7_Workspace/Target_Workspace/RTOS_workspace/common/ThirdParty/FreeRTOS/include -I/Users/renatosoriano/FastBit_Embedded_Courses_Udemy/Course7_Workspace/Target_Workspace/RTOS_workspace/common/ThirdParty/FreeRTOS/portable/GCC/ARM_CM4F -I/Users/renatosoriano/FastBit_Embedded_Courses_Udemy/Course7_Workspace/Target_Workspace/RTOS_workspace/common/ThirdParty/SEGGER/Config -I/Users/renatosoriano/FastBit_Embedded_Courses_Udemy/Course7_Workspace/Target_Workspace/RTOS_workspace/common/ThirdParty/SEGGER/OS -I/Users/renatosoriano/FastBit_Embedded_Courses_Udemy/Course7_Workspace/Target_Workspace/RTOS_workspace/common/ThirdParty/SEGGER/SEGGER -O0 -ffunction-sections -fdata-sections -Wall -fstack-usage -MMD -MP -MF"common/ThirdParty/SEGGER/Rec/segger_uart.d" -MT"common/ThirdParty/SEGGER/Rec/segger_uart.o" --specs=nano.specs -mfpu=fpv4-sp-d16 -mfloat-abi=hard -mthumb -o "common/ThirdParty/SEGGER/Rec/segger_uart.o"
arm-none-eabi-gcc "/Users/renatosoriano/FastBit_Embedded_Courses_Udemy/Course7_Workspace/Target_Workspace/RTOS_workspace/common/ThirdParty/SEGGER/OS/SEGGER_SYSVIEW_FreeRTOS.c" -mcpu=cortex-m4 -std=gnu11 -g3 -DDEBUG -DUSE_HAL_DRIVER -DSTM32F446xx -c -I../Core/Inc -I../Drivers/STM32F4xx_HAL_Driver/Inc -I../Drivers/STM32F4xx_HAL_Driver/Inc/Legacy -I../Drivers/CMSIS/Device/ST/STM32F4xx/Include -I../Drivers/CMSIS/Include -I/Users/renatosoriano/FastBit_Embedded_Courses_Udemy/Course7_Workspace/Target_Workspace/RTOS_workspace/common/ThirdParty/FreeRTOS/include -I/Users/renatosoriano/FastBit_Embedded_Courses_Udemy/Course7_Workspace/Target_Workspace/RTOS_workspace/common/ThirdParty/FreeRTOS/portable/GCC/ARM_CM4F -I/Users/renatosoriano/FastBit_Embedded_Courses_Udemy/Course7_Workspace/Target_Workspace/RTOS_workspace/common/ThirdParty/SEGGER/Config -I/Users/renatosoriano/FastBit_Embedded_Courses_Udemy/Course7_Workspace/Target_Workspace/RTOS_workspace/common/ThirdParty/SEGGER/OS -I/Users/renatosoriano/FastBit_Embedded_Courses_Udemy/Course7_Workspace/Target_Workspace/RTOS_workspace/common/ThirdParty/SEGGER/SEGGER -O0 -ffunction-sections -fdata-sections -Wall -fstack-usage -MMD -MP -MF"common/ThirdParty/SEGGER/OS/SEGGER_SYSVIEW_FreeRTOS.d" -MT"common/ThirdParty/SEGGER/OS/SEGGER_SYSVIEW_FreeRTOS.o" --specs=nano.specs -mfpu=fpv4-sp-d16 -mfloat-abi=hard -mthumb -o "common/ThirdParty/SEGGER/OS/SEGGER_SYSVIEW_FreeRTOS.o"
arm-none-eabi-gcc "/Users/renatosoriano/FastBit_Embedded_Courses_Udemy/Course7_Workspace/Target_Workspace/RTOS_workspace/common/ThirdParty/SEGGER/Config/SEGGER_SYSVIEW_Config_FreeRTOS.c" -mcpu=cortex-m4 -std=gnu11 -g3 -DDEBUG -DUSE_HAL_DRIVER -DSTM32F446xx -c -I../Core/Inc -I../Drivers/STM32F4xx_HAL_Driver/Inc -I../Drivers/STM32F4xx_HAL_Driver/Inc/Legacy -I../Drivers/CMSIS/Device/ST/STM32F4xx/Include -I../Drivers/CMSIS/Include -I/Users/renatosoriano/FastBit_Embedded_Courses_Udemy/Course7_Workspace/Target_Workspace/RTOS_workspace/common/ThirdParty/FreeRTOS/include -I/Users/renatosoriano/FastBit_Embedded_Courses_Udemy/Course7_Workspace/Target_Workspace/RTOS_workspace/common/ThirdParty/FreeRTOS/portable/GCC/ARM_CM4F -I/Users/renatosoriano/FastBit_Embedded_Courses_Udemy/Course7_Workspace/Target_Workspace/RTOS_workspace/common/ThirdParty/SEGGER/Config -I/Users/renatosoriano/FastBit_Embedded_Courses_Udemy/Course7_Workspace/Target_Workspace/RTOS_workspace/common/ThirdParty/SEGGER/OS -I/Users/renatosoriano/FastBit_Embedded_Courses_Udemy/Course7_Workspace/Target_Workspace/RTOS_workspace/common/ThirdParty/SEGGER/SEGGER -O0 -ffunction-sections -fdata-sections -Wall -fstack-usage -MMD -MP -MF"common/ThirdParty/SEGGER/Config/SEGGER_SYSVIEW_Config_FreeRTOS.d" -MT"common/ThirdParty/SEGGER/Config/SEGGER_SYSVIEW_Config_FreeRTOS.o" --specs=nano.specs -mfpu=fpv4-sp-d16 -mfloat-abi=hard -mthumb -o "common/ThirdParty/SEGGER/Config/SEGGER_SYSVIEW_Config_FreeRTOS.o"
arm-none-eabi-gcc "/Users/renatosoriano/FastBit_Embedded_Courses_Udemy/Course7_Workspace/Target_Workspace/RTOS_workspace/common/ThirdParty/FreeRTOS/portable/MemMang/heap_4.c" -mcpu=cortex-m4 -std=gnu11 -g3 -DDEBUG -DUSE_HAL_DRIVER -DSTM32F446xx -c -I../Core/Inc -I../Drivers/STM32F4xx_HAL_Driver/Inc -I../Drivers/STM32F4xx_HAL_Driver/Inc/Legacy -I../Drivers/CMSIS/Device/ST/STM32F4xx/Include -I../Drivers/CMSIS/Include -I/Users/renatosoriano/FastBit_Embedded_Courses_Udemy/Course7_Workspace/Target_Workspace/RTOS_workspace/common/ThirdParty/FreeRTOS/include -I/Users/renatosoriano/FastBit_Embedded_Courses_Udemy/Course7_Workspace/Target_Workspace/RTOS_workspace/common/ThirdParty/FreeRTOS/portable/GCC/ARM_CM4F -I/Users/renatosoriano/FastBit_Embedded_Courses_Udemy/Course7_Workspace/Target_Workspace/RTOS_workspace/common/ThirdParty/SEGGER/Config -I/Users/renatosoriano/FastBit_Embedded_Courses_Udemy/Course7_Workspace/Target_Workspace/RTOS_workspace/common/ThirdParty/SEGGER/OS -I/Users/renatosoriano/FastBit_Embedded_Courses_Udemy/Course7_Workspace/Target_Workspace/RTOS_workspace/common/ThirdParty/SEGGER/SEGGER -O0 -ffunction-sections -fdata-sections -Wall -fstack-usage -MMD -MP -MF"common/ThirdParty/FreeRTOS/portable/MemMang/heap_4.d" -MT"common/ThirdParty/FreeRTOS/portable/MemMang/heap_4.o" --specs=nano.specs -mfpu=fpv4-sp-d16 -mfloat-abi=hard -mthumb -o "common/ThirdParty/FreeRTOS/portable/MemMang/heap_4.o"
arm-none-eabi-gcc "/Users/renatosoriano/FastBit_Embedded_Courses_Udemy/Course7_Workspace/Target_Workspace/RTOS_workspace/common/ThirdParty/FreeRTOS/portable/GCC/ARM_CM4F/port.c" -mcpu=cortex-m4 -std=gnu11 -g3 -DDEBUG -DUSE_HAL_DRIVER -DSTM32F446xx -c -I../Core/Inc -I../Drivers/STM32F4xx_HAL_Driver/Inc -I../Drivers/STM32F4xx_HAL_Driver/Inc/Legacy -I../Drivers/CMSIS/Device/ST/STM32F4xx/Include -I../Drivers/CMSIS/Include -I/Users/renatosoriano/FastBit_Embedded_Courses_Udemy/Course7_Workspace/Target_Workspace/RTOS_workspace/common/ThirdParty/FreeRTOS/include -I/Users/renatosoriano/FastBit_Embedded_Courses_Udemy/Course7_Workspace/Target_Workspace/RTOS_workspace/common/ThirdParty/FreeRTOS/portable/GCC/ARM_CM4F -I/Users/renatosoriano/FastBit_Embedded_Courses_Udemy/Course7_Workspace/Target_Workspace/RTOS_workspace/common/ThirdParty/SEGGER/Config -I/Users/renatosoriano/FastBit_Embedded_Courses_Udemy/Course7_Workspace/Target_Workspace/RTOS_workspace/common/ThirdParty/SEGGER/OS -I/Users/renatosoriano/FastBit_Embedded_Courses_Udemy/Course7_Workspace/Target_Workspace/RTOS_workspace/common/ThirdParty/SEGGER/SEGGER -O0 -ffunction-sections -fdata-sections -Wall -fstack-usage -MMD -MP -MF"common/ThirdParty/FreeRTOS/portable/GCC/ARM_CM4F/port.d" -MT"common/ThirdParty/FreeRTOS/portable/GCC/ARM_CM4F/port.o" --specs=nano.specs -mfpu=fpv4-sp-d16 -mfloat-abi=hard -mthumb -o "common/ThirdParty/FreeRTOS/portable/GCC/ARM_CM4F/port.o"
arm-none-eabi-gcc "/Users/renatosoriano/FastBit_Embedded_Courses_Udemy/Course7_Workspace/Target_Workspace/RTOS_workspace/common/ThirdParty/FreeRTOS/croutine.c" -mcpu=cortex-m4 -std=gnu11 -g3 -DDEBUG -DUSE_HAL_DRIVER -DSTM32F446xx -c -I../Core/Inc -I../Drivers/STM32F4xx_HAL_Driver/Inc -I../Drivers/STM32F4xx_HAL_Driver/Inc/Legacy -I../Drivers/CMSIS/Device/ST/STM32F4xx/Include -I../Drivers/CMSIS/Include -I/Users/renatosoriano/FastBit_Embedded_Courses_Udemy/Course7_Workspace/Target_Workspace/RTOS_workspace/common/ThirdParty/FreeRTOS/include -I/Users/renatosoriano/FastBit_Embedded_Courses_Udemy/Course7_Workspace/Target_Workspace/RTOS_workspace/common/ThirdParty/FreeRTOS/portable/GCC/ARM_CM4F -I/Users/renatosoriano/FastBit_Embedded_Courses_Udemy/Course7_Workspace/Target_Workspace/RTOS_workspace/common/ThirdParty/SEGGER/Config -I/Users/renatosoriano/FastBit_Embedded_Courses_Udemy/Course7_Workspace/Target_Workspace/RTOS_workspace/common/ThirdParty/SEGGER/OS -I/Users/renatosoriano/FastBit_Embedded_Courses_Udemy/Course7_Workspace/Target_Workspace/RTOS_workspace/common/ThirdParty/SEGGER/SEGGER -O0 -ffunction-sections -fdata-sections -Wall -fstack-usage -MMD -MP -MF"common/ThirdParty/FreeRTOS/croutine.d" -MT"common/ThirdParty/FreeRTOS/croutine.o" --specs=nano.specs -mfpu=fpv4-sp-d16 -mfloat-abi=hard -mthumb -o "common/ThirdParty/FreeRTOS/croutine.o"
[...]
arm-none-eabi-gcc "../Drivers/STM32F4xx_HAL_Driver/Src/stm32f4xx_hal_gpio.c" -mcpu=cortex-m4 -std=gnu11 -g3 -DDEBUG -DUSE_HAL_DRIVER -DSTM32F446xx -c -I../Core/Inc -I../Drivers/STM32F4xx_HAL_Driver/Inc -I../Drivers/STM32F4xx_HAL_Driver/Inc/Legacy -I../Drivers/CMSIS/Device/ST/STM32F4xx/Include -I../Drivers/CMSIS/Include -I/Users/renatosoriano/FastBit_Embedded_Courses_Udemy/Course7_Workspace/Target_Workspace/RTOS_workspace/common/ThirdParty/FreeRTOS/include -I/Users/renatosoriano/FastBit_Embedded_Courses_Udemy/Course7_Workspace/Target_Workspace/RTOS_workspace/common/ThirdParty/FreeRTOS/portable/GCC/ARM_CM4F -I/Users/renatosoriano/FastBit_Embedded_Courses_Udemy/Course7_Workspace/Target_Workspace/RTOS_workspace/common/ThirdParty/SEGGER/Config -I/Users/renatosoriano/FastBit_Embedded_Courses_Udemy/Course7_Workspace/Target_Workspace/RTOS_workspace/common/ThirdParty/SEGGER/OS -I/Users/renatosoriano/FastBit_Embedded_Courses_Udemy/Course7_Workspace/Target_Workspace/RTOS_workspace/common/ThirdParty/SEGGER/SEGGER -O0 -ffunction-sections -fdata-sections -Wall -fstack-usage -MMD -MP -MF"Drivers/STM32F4xx_HAL_Driver/Src/stm32f4xx_hal_gpio.d" -MT"Drivers/STM32F4xx_HAL_Driver/Src/stm32f4xx_hal_gpio.o" --specs=nano.specs -mfpu=fpv4-sp-d16 -mfloat-abi=hard -mthumb -o "Drivers/STM32F4xx_HAL_Driver/Src/stm32f4xx_hal_gpio.o"
arm-none-eabi-gcc "../Drivers/STM32F4xx_HAL_Driver/Src/stm32f4xx_hal_pwr.c" -mcpu=cortex-m4 -std=gnu11 -g3 -DDEBUG -DUSE_HAL_DRIVER -DSTM32F446xx -c -I../Core/Inc -I../Drivers/STM32F4xx_HAL_Driver/Inc -I../Drivers/STM32F4xx_HAL_Driver/Inc/Legacy -I../Drivers/CMSIS/Device/ST/STM32F4xx/Include -I../Drivers/CMSIS/Include -I/Users/renatosoriano/FastBit_Embedded_Courses_Udemy/Course7_Workspace/Target_Workspace/RTOS_workspace/common/ThirdParty/FreeRTOS/include -I/Users/renatosoriano/FastBit_Embedded_Courses_Udemy/Course7_Workspace/Target_Workspace/RTOS_workspace/common/ThirdParty/FreeRTOS/portable/GCC/ARM_CM4F -I/Users/renatosoriano/FastBit_Embedded_Courses_Udemy/Course7_Workspace/Target_Workspace/RTOS_workspace/common/ThirdParty/SEGGER/Config -I/Users/renatosoriano/FastBit_Embedded_Courses_Udemy/Course7_Workspace/Target_Workspace/RTOS_workspace/common/ThirdParty/SEGGER/OS -I/Users/renatosoriano/FastBit_Embedded_Courses_Udemy/Course7_Workspace/Target_Workspace/RTOS_workspace/common/ThirdParty/SEGGER/SEGGER -O0 -ffunction-sections -fdata-sections -Wall -fstack-usage -MMD -MP -MF"Drivers/STM32F4xx_HAL_Driver/Src/stm32f4xx_hal_pwr.d" -MT"Drivers/STM32F4xx_HAL_Driver/Src/stm32f4xx_hal_pwr.o" --specs=nano.specs -mfpu=fpv4-sp-d16 -mfloat-abi=hard -mthumb -o "Drivers/STM32F4xx_HAL_Driver/Src/stm32f4xx_hal_pwr.o"
arm-none-eabi-gcc "../Drivers/STM32F4xx_HAL_Driver/Src/stm32f4xx_hal_pwr_ex.c" -mcpu=cortex-m4 -std=gnu11 -g3 -DDEBUG -DUSE_HAL_DRIVER -DSTM32F446xx -c -I../Core/Inc -I../Drivers/STM32F4xx_HAL_Driver/Inc -I../Drivers/STM32F4xx_HAL_Driver/Inc/Legacy -I../Drivers/CMSIS/Device/ST/STM32F4xx/Include -I../Drivers/CMSIS/Include -I/Users/renatosoriano/FastBit_Embedded_Courses_Udemy/Course7_Workspace/Target_Workspace/RTOS_workspace/common/ThirdParty/FreeRTOS/include -I/Users/renatosoriano/FastBit_Embedded_Courses_Udemy/Course7_Workspace/Target_Workspace/RTOS_workspace/common/ThirdParty/FreeRTOS/portable/GCC/ARM_CM4F -I/Users/renatosoriano/FastBit_Embedded_Courses_Udemy/Course7_Workspace/Target_Workspace/RTOS_workspace/common/ThirdParty/SEGGER/Config -I/Users/renatosoriano/FastBit_Embedded_Courses_Udemy/Course7_Workspace/Target_Workspace/RTOS_workspace/common/ThirdParty/SEGGER/OS -I/Users/renatosoriano/FastBit_Embedded_Courses_Udemy/Course7_Workspace/Target_Workspace/RTOS_workspace/common/ThirdParty/SEGGER/SEGGER -O0 -ffunction-sections -fdata-sections -Wall -fstack-usage -MMD -MP -MF"Drivers/STM32F4xx_HAL_Driver/Src/stm32f4xx_hal_pwr_ex.d" -MT"Drivers/STM32F4xx_HAL_Driver/Src/stm32f4xx_hal_pwr_ex.o" --specs=nano.specs -mfpu=fpv4-sp-d16 -mfloat-abi=hard -mthumb -o "Drivers/STM32F4xx_HAL_Driver/Src/stm32f4xx_hal_pwr_ex.o"
arm-none-eabi-gcc "../Drivers/STM32F4xx_HAL_Driver/Src/stm32f4xx_hal_rcc.c" -mcpu=cortex-m4 -std=gnu11 -g3 -DDEBUG -DUSE_HAL_DRIVER -DSTM32F446xx -c -I../Core/Inc -I../Drivers/STM32F4xx_HAL_Driver/Inc -I../Drivers/STM32F4xx_HAL_Driver/Inc/Legacy -I../Drivers/CMSIS/Device/ST/STM32F4xx/Include -I../Drivers/CMSIS/Include -I/Users/renatosoriano/FastBit_Embedded_Courses_Udemy/Course7_Workspace/Target_Workspace/RTOS_workspace/common/ThirdParty/FreeRTOS/include -I/Users/renatosoriano/FastBit_Embedded_Courses_Udemy/Course7_Workspace/Target_Workspace/RTOS_workspace/common/ThirdParty/FreeRTOS/portable/GCC/ARM_CM4F -I/Users/renatosoriano/FastBit_Embedded_Courses_Udemy/Course7_Workspace/Target_Workspace/RTOS_workspace/common/ThirdParty/SEGGER/Config -I/Users/renatosoriano/FastBit_Embedded_Courses_Udemy/Course7_Workspace/Target_Workspace/RTOS_workspace/common/ThirdParty/SEGGER/OS -I/Users/renatosoriano/FastBit_Embedded_Courses_Udemy/Course7_Workspace/Target_Workspace/RTOS_workspace/common/ThirdParty/SEGGER/SEGGER -O0 -ffunction-sections -fdata-sections -Wall -fstack-usage -MMD -MP -MF"Drivers/STM32F4xx_HAL_Driver/Src/stm32f4xx_hal_rcc.d" -MT"Drivers/STM32F4xx_HAL_Driver/Src/stm32f4xx_hal_rcc.o" --specs=nano.specs -mfpu=fpv4-sp-d16 -mfloat-abi=hard -mthumb -o "Drivers/STM32F4xx_HAL_Driver/Src/stm32f4xx_hal_rcc.o"
arm-none-eabi-gcc "../Drivers/STM32F4xx_HAL_Driver/Src/stm32f4xx_hal_rcc_ex.c" -mcpu=cortex-m4 -std=gnu11 -g3 -DDEBUG -DUSE_HAL_DRIVER -DSTM32F446xx -c -I../Core/Inc -I../Drivers/STM32F4xx_HAL_Driver/Inc -I../Drivers/STM32F4xx_HAL_Driver/Inc/Legacy -I../Drivers/CMSIS/Device/ST/STM32F4xx/Include -I../Drivers/CMSIS/Include -I/Users/renatosoriano/FastBit_Embedded_Courses_Udemy/Course7_Workspace/Target_Workspace/RTOS_workspace/common/ThirdParty/FreeRTOS/include -I/Users/renatosoriano/FastBit_Embedded_Courses_Udemy/Course7_Workspace/Target_Workspace/RTOS_workspace/common/ThirdParty/FreeRTOS/portable/GCC/ARM_CM4F -I/Users/renatosoriano/FastBit_Embedded_Courses_Udemy/Course7_Workspace/Target_Workspace/RTOS_workspace/common/ThirdParty/SEGGER/Config -I/Users/renatosoriano/FastBit_Embedded_Courses_Udemy/Course7_Workspace/Target_Workspace/RTOS_workspace/common/ThirdParty/SEGGER/OS -I/Users/renatosoriano/FastBit_Embedded_Courses_Udemy/Course7_Workspace/Target_Workspace/RTOS_workspace/common/ThirdParty/SEGGER/SEGGER -O0 -ffunction-sections -fdata-sections -Wall -fstack-usage -MMD -MP -MF"Drivers/STM32F4xx_HAL_Driver/Src/stm32f4xx_hal_rcc_ex.d" -MT"Drivers/STM32F4xx_HAL_Driver/Src/stm32f4xx_hal_rcc_ex.o" --specs=nano.specs -mfpu=fpv4-sp-d16 -mfloat-abi=hard -mthumb -o "Drivers/STM32F4xx_HAL_Driver/Src/stm32f4xx_hal_rcc_ex.o"
arm-none-eabi-gcc "../Drivers/STM32F4xx_HAL_Driver/Src/stm32f4xx_hal_tim.c" -mcpu=cortex-m4 -std=gnu11 -g3 -DDEBUG -DUSE_HAL_DRIVER -DSTM32F446xx -c -I../Core/Inc -I../Drivers/STM32F4xx_HAL_Driver/Inc -I../Drivers/STM32F4xx_HAL_Driver/Inc/Legacy -I../Drivers/CMSIS/Device/ST/STM32F4xx/Include -I../Drivers/CMSIS/Include -I/Users/renatosoriano/FastBit_Embedded_Courses_Udemy/Course7_Workspace/Target_Workspace/RTOS_workspace/common/ThirdParty/FreeRTOS/include -I/Users/renatosoriano/FastBit_Embedded_Courses_Udemy/Course7_Workspace/Target_Workspace/RTOS_workspace/common/ThirdParty/FreeRTOS/portable/GCC/ARM_CM4F -I/Users/renatosoriano/FastBit_Embedded_Courses_Udemy/Course7_Workspace/Target_Workspace/RTOS_workspace/common/ThirdParty/SEGGER/Config -I/Users/renatosoriano/FastBit_Embedded_Courses_Udemy/Course7_Workspace/Target_Workspace/RTOS_workspace/common/ThirdParty/SEGGER/OS -I/Users/renatosoriano/FastBit_Embedded_Courses_Udemy/Course7_Workspace/Target_Workspace/RTOS_workspace/common/ThirdParty/SEGGER/SEGGER -O0 -ffunction-sections -fdata-sections -Wall -fstack-usage -MMD -MP -MF"Drivers/STM32F4xx_HAL_Driver/Src/stm32f4xx_hal_tim.d" -MT"Drivers/STM32F4xx_HAL_Driver/Src/stm32f4xx_hal_tim.o" --specs=nano.specs -mfpu=fpv4-sp-d16 -mfloat-abi=hard -mthumb -o "Drivers/STM32F4xx_HAL_Driver/Src/stm32f4xx_hal_tim.o"
arm-none-eabi-gcc "../Drivers/STM32F4xx_HAL_Driver/Src/stm32f4xx_hal_tim_ex.c" -mcpu=cortex-m4 -std=gnu11 -g3 -DDEBUG -DUSE_HAL_DRIVER -DSTM32F446xx -c -I../Core/Inc -I../Drivers/STM32F4xx_HAL_Driver/Inc -I../Drivers/STM32F4xx_HAL_Driver/Inc/Legacy -I../Drivers/CMSIS/Device/ST/STM32F4xx/Include -I../Drivers/CMSIS/Include -I/Users/renatosoriano/FastBit_Embedded_Courses_Udemy/Course7_Workspace/Target_Workspace/RTOS_workspace/common/ThirdParty/FreeRTOS/include -I/Users/renatosoriano/FastBit_Embedded_Courses_Udemy/Course7_Workspace/Target_Workspace/RTOS_workspace/common/ThirdParty/FreeRTOS/portable/GCC/ARM_CM4F -I/Users/renatosoriano/FastBit_Embedded_Courses_Udemy/Course7_Workspace/Target_Workspace/RTOS_workspace/common/ThirdParty/SEGGER/Config -I/Users/renatosoriano/FastBit_Embedded_Courses_Udemy/Course7_Workspace/Target_Workspace/RTOS_workspace/common/ThirdParty/SEGGER/OS -I/Users/renatosoriano/FastBit_Embedded_Courses_Udemy/Course7_Workspace/Target_Workspace/RTOS_workspace/common/ThirdParty/SEGGER/SEGGER -O0 -ffunction-sections -fdata-sections -Wall -fstack-usage -MMD -MP -MF"Drivers/STM32F4xx_HAL_Driver/Src/stm32f4xx_hal_tim_ex.d" -MT"Drivers/STM32F4xx_HAL_Driver/Src/stm32f4xx_hal_tim_ex.o" --specs=nano.specs -mfpu=fpv4-sp-d16 -mfloat-abi=hard -mthumb -o "Drivers/STM32F4xx_HAL_Driver/Src/stm32f4xx_hal_tim_ex.o"
arm-none-eabi-gcc -mcpu=cortex-m4 -g3 -DDEBUG -c -I/Users/renatosoriano/FastBit_Embedded_Courses_Udemy/Course7_Workspace/Target_Workspace/RTOS_workspace/common/ThirdParty/SEGGER/Config -I/Users/renatosoriano/FastBit_Embedded_Courses_Udemy/Course7_Workspace/Target_Workspace/RTOS_workspace/common/ThirdParty/SEGGER/SEGGER -x assembler-with-cpp -MMD -MP -MF"Core/Startup/startup_stm32f446retx.d" -MT"Core/Startup/startup_stm32f446retx.o" --specs=nano.specs -mfpu=fpv4-sp-d16 -mfloat-abi=hard -mthumb -o "Core/Startup/startup_stm32f446retx.o" "../Core/Startup/startup_stm32f446retx.s"
arm-none-eabi-gcc "../Core/Src/main.c" -mcpu=cortex-m4 -std=gnu11 -g3 -DDEBUG -DUSE_HAL_DRIVER -DSTM32F446xx -c -I../Core/Inc -I../Drivers/STM32F4xx_HAL_Driver/Inc -I../Drivers/STM32F4xx_HAL_Driver/Inc/Legacy -I../Drivers/CMSIS/Device/ST/STM32F4xx/Include -I../Drivers/CMSIS/Include -I/Users/renatosoriano/FastBit_Embedded_Courses_Udemy/Course7_Workspace/Target_Workspace/RTOS_workspace/common/ThirdParty/FreeRTOS/include -I/Users/renatosoriano/FastBit_Embedded_Courses_Udemy/Course7_Workspace/Target_Workspace/RTOS_workspace/common/ThirdParty/FreeRTOS/portable/GCC/ARM_CM4F -I/Users/renatosoriano/FastBit_Embedded_Courses_Udemy/Course7_Workspace/Target_Workspace/RTOS_workspace/common/ThirdParty/SEGGER/Config -I/Users/renatosoriano/FastBit_Embedded_Courses_Udemy/Course7_Workspace/Target_Workspace/RTOS_workspace/common/ThirdParty/SEGGER/OS -I/Users/renatosoriano/FastBit_Embedded_Courses_Udemy/Course7_Workspace/Target_Workspace/RTOS_workspace/common/ThirdParty/SEGGER/SEGGER -O0 -ffunction-sections -fdata-sections -Wall -fstack-usage -MMD -MP -MF"Core/Src/main.d" -MT"Core/Src/main.o" --specs=nano.specs -mfpu=fpv4-sp-d16 -mfloat-abi=hard -mthumb -o "Core/Src/main.o"
arm-none-eabi-gcc "../Core/Src/stm32f4xx_hal_msp.c" -mcpu=cortex-m4 -std=gnu11 -g3 -DDEBUG -DUSE_HAL_DRIVER -DSTM32F446xx -c -I../Core/Inc -I../Drivers/STM32F4xx_HAL_Driver/Inc -I../Drivers/STM32F4xx_HAL_Driver/Inc/Legacy -I../Drivers/CMSIS/Device/ST/STM32F4xx/Include -I../Drivers/CMSIS/Include -I/Users/renatosoriano/FastBit_Embedded_Courses_Udemy/Course7_Workspace/Target_Workspace/RTOS_workspace/common/ThirdParty/FreeRTOS/include -I/Users/renatosoriano/FastBit_Embedded_Courses_Udemy/Course7_Workspace/Target_Workspace/RTOS_workspace/common/ThirdParty/FreeRTOS/portable/GCC/ARM_CM4F -I/Users/renatosoriano/FastBit_Embedded_Courses_Udemy/Course7_Workspace/Target_Workspace/RTOS_workspace/common/ThirdParty/SEGGER/Config -I/Users/renatosoriano/FastBit_Embedded_Courses_Udemy/Course7_Workspace/Target_Workspace/RTOS_workspace/common/ThirdParty/SEGGER/OS -I/Users/renatosoriano/FastBit_Embedded_Courses_Udemy/Course7_Workspace/Target_Workspace/RTOS_workspace/common/ThirdParty/SEGGER/SEGGER -O0 -ffunction-sections -fdata-sections -Wall -fstack-usage -MMD -MP -MF"Core/Src/stm32f4xx_hal_msp.d" -MT"Core/Src/stm32f4xx_hal_msp.o" --specs=nano.specs -mfpu=fpv4-sp-d16 -mfloat-abi=hard -mthumb -o "Core/Src/stm32f4xx_hal_msp.o"
arm-none-eabi-gcc "../Core/Src/stm32f4xx_hal_timebase_tim.c" -mcpu=cortex-m4 -std=gnu11 -g3 -DDEBUG -DUSE_HAL_DRIVER -DSTM32F446xx -c -I../Core/Inc -I../Drivers/STM32F4xx_HAL_Driver/Inc -I../Drivers/STM32F4xx_HAL_Driver/Inc/Legacy -I../Drivers/CMSIS/Device/ST/STM32F4xx/Include -I../Drivers/CMSIS/Include -I/Users/renatosoriano/FastBit_Embedded_Courses_Udemy/Course7_Workspace/Target_Workspace/RTOS_workspace/common/ThirdParty/FreeRTOS/include -I/Users/renatosoriano/FastBit_Embedded_Courses_Udemy/Course7_Workspace/Target_Workspace/RTOS_workspace/common/ThirdParty/FreeRTOS/portable/GCC/ARM_CM4F -I/Users/renatosoriano/FastBit_Embedded_Courses_Udemy/Course7_Workspace/Target_Workspace/RTOS_workspace/common/ThirdParty/SEGGER/Config -I/Users/renatosoriano/FastBit_Embedded_Courses_Udemy/Course7_Workspace/Target_Workspace/RTOS_workspace/common/ThirdParty/SEGGER/OS -I/Users/renatosoriano/FastBit_Embedded_Courses_Udemy/Course7_Workspace/Target_Workspace/RTOS_workspace/common/ThirdParty/SEGGER/SEGGER -O0 -ffunction-sections -fdata-sections -Wall -fstack-usage -MMD -MP -MF"Core/Src/stm32f4xx_hal_timebase_tim.d" -MT"Core/Src/stm32f4xx_hal_timebase_tim.o" --specs=nano.specs -mfpu=fpv4-sp-d16 -mfloat-abi=hard -mthumb -o "Core/Src/stm32f4xx_hal_timebase_tim.o"
arm-none-eabi-gcc "../Core/Src/stm32f4xx_it.c" -mcpu=cortex-m4 -std=gnu11 -g3 -DDEBUG -DUSE_HAL_DRIVER -DSTM32F446xx -c -I../Core/Inc -I../Drivers/STM32F4xx_HAL_Driver/Inc -I../Drivers/STM32F4xx_HAL_Driver/Inc/Legacy -I../Drivers/CMSIS/Device/ST/STM32F4xx/Include -I../Drivers/CMSIS/Include -I/Users/renatosoriano/FastBit_Embedded_Courses_Udemy/Course7_Workspace/Target_Workspace/RTOS_workspace/common/ThirdParty/FreeRTOS/include -I/Users/renatosoriano/FastBit_Embedded_Courses_Udemy/Course7_Workspace/Target_Workspace/RTOS_workspace/common/ThirdParty/FreeRTOS/portable/GCC/ARM_CM4F -I/Users/renatosoriano/FastBit_Embedded_Courses_Udemy/Course7_Workspace/Target_Workspace/RTOS_workspace/common/ThirdParty/SEGGER/Config -I/Users/renatosoriano/FastBit_Embedded_Courses_Udemy/Course7_Workspace/Target_Workspace/RTOS_workspace/common/ThirdParty/SEGGER/OS -I/Users/renatosoriano/FastBit_Embedded_Courses_Udemy/Course7_Workspace/Target_Workspace/RTOS_workspace/common/ThirdParty/SEGGER/SEGGER -O0 -ffunction-sections -fdata-sections -Wall -fstack-usage -MMD -MP -MF"Core/Src/stm32f4xx_it.d" -MT"Core/Src/stm32f4xx_it.o" --specs=nano.specs -mfpu=fpv4-sp-d16 -mfloat-abi=hard -mthumb -o "Core/Src/stm32f4xx_it.o"
arm-none-eabi-gcc "../Core/Src/syscalls.c" -mcpu=cortex-m4 -std=gnu11 -g3 -DDEBUG -DUSE_HAL_DRIVER -DSTM32F446xx -c -I../Core/Inc -I../Drivers/STM32F4xx_HAL_Driver/Inc -I../Drivers/STM32F4xx_HAL_Driver/Inc/Legacy -I../Drivers/CMSIS/Device/ST/STM32F4xx/Include -I../Drivers/CMSIS/Include -I/Users/renatosoriano/FastBit_Embedded_Courses_Udemy/Course7_Workspace/Target_Workspace/RTOS_workspace/common/ThirdParty/FreeRTOS/include -I/Users/renatosoriano/FastBit_Embedded_Courses_Udemy/Course7_Workspace/Target_Workspace/RTOS_workspace/common/ThirdParty/FreeRTOS/portable/GCC/ARM_CM4F -I/Users/renatosoriano/FastBit_Embedded_Courses_Udemy/Course7_Workspace/Target_Workspace/RTOS_workspace/common/ThirdParty/SEGGER/Config -I/Users/renatosoriano/FastBit_Embedded_Courses_Udemy/Course7_Workspace/Target_Workspace/RTOS_workspace/common/ThirdParty/SEGGER/OS -I/Users/renatosoriano/FastBit_Embedded_Courses_Udemy/Course7_Workspace/Target_Workspace/RTOS_workspace/common/ThirdParty/SEGGER/SEGGER -O0 -ffunction-sections -fdata-sections -Wall -fstack-usage -MMD -MP -MF"Core/Src/syscalls.d" -MT"Core/Src/syscalls.o" --specs=nano.specs -mfpu=fpv4-sp-d16 -mfloat-abi=hard -mthumb -o "Core/Src/syscalls.o"
arm-none-eabi-gcc "../Core/Src/sysmem.c" -mcpu=cortex-m4 -std=gnu11 -g3 -DDEBUG -DUSE_HAL_DRIVER -DSTM32F446xx -c -I../Core/Inc -I../Drivers/STM32F4xx_HAL_Driver/Inc -I../Drivers/STM32F4xx_HAL_Driver/Inc/Legacy -I../Drivers/CMSIS/Device/ST/STM32F4xx/Include -I../Drivers/CMSIS/Include -I/Users/renatosoriano/FastBit_Embedded_Courses_Udemy/Course7_Workspace/Target_Workspace/RTOS_workspace/common/ThirdParty/FreeRTOS/include -I/Users/renatosoriano/FastBit_Embedded_Courses_Udemy/Course7_Workspace/Target_Workspace/RTOS_workspace/common/ThirdParty/FreeRTOS/portable/GCC/ARM_CM4F -I/Users/renatosoriano/FastBit_Embedded_Courses_Udemy/Course7_Workspace/Target_Workspace/RTOS_workspace/common/ThirdParty/SEGGER/Config -I/Users/renatosoriano/FastBit_Embedded_Courses_Udemy/Course7_Workspace/Target_Workspace/RTOS_workspace/common/ThirdParty/SEGGER/OS -I/Users/renatosoriano/FastBit_Embedded_Courses_Udemy/Course7_Workspace/Target_Workspace/RTOS_workspace/common/ThirdParty/SEGGER/SEGGER -O0 -ffunction-sections -fdata-sections -Wall -fstack-usage -MMD -MP -MF"Core/Src/sysmem.d" -MT"Core/Src/sysmem.o" --specs=nano.specs -mfpu=fpv4-sp-d16 -mfloat-abi=hard -mthumb -o "Core/Src/sysmem.o"
arm-none-eabi-gcc "../Core/Src/system_stm32f4xx.c" -mcpu=cortex-m4 -std=gnu11 -g3 -DDEBUG -DUSE_HAL_DRIVER -DSTM32F446xx -c -I../Core/Inc -I../Drivers/STM32F4xx_HAL_Driver/Inc -I../Drivers/STM32F4xx_HAL_Driver/Inc/Legacy -I../Drivers/CMSIS/Device/ST/STM32F4xx/Include -I../Drivers/CMSIS/Include -I/Users/renatosoriano/FastBit_Embedded_Courses_Udemy/Course7_Workspace/Target_Workspace/RTOS_workspace/common/ThirdParty/FreeRTOS/include -I/Users/renatosoriano/FastBit_Embedded_Courses_Udemy/Course7_Workspace/Target_Workspace/RTOS_workspace/common/ThirdParty/FreeRTOS/portable/GCC/ARM_CM4F -I/Users/renatosoriano/FastBit_Embedded_Courses_Udemy/Course7_Workspace/Target_Workspace/RTOS_workspace/common/ThirdParty/SEGGER/Config -I/Users/renatosoriano/FastBit_Embedded_Courses_Udemy/Course7_Workspace/Target_Workspace/RTOS_workspace/common/ThirdParty/SEGGER/OS -I/Users/renatosoriano/FastBit_Embedded_Courses_Udemy/Course7_Workspace/Target_Workspace/RTOS_workspace/common/ThirdParty/SEGGER/SEGGER -O0 -ffunction-sections -fdata-sections -Wall -fstack-usage -MMD -MP -MF"Core/Src/system_stm32f4xx.d" -MT"Core/Src/system_stm32f4xx.o" --specs=nano.specs -mfpu=fpv4-sp-d16 -mfloat-abi=hard -mthumb -o "Core/Src/system_stm32f4xx.o"
arm-none-eabi-gcc -o "004LED_Periodic_Tasks.elf" @"objects.list"   -mcpu=cortex-m4 -T"/Users/renatosoriano/FastBit_Embedded_Courses_Udemy/Course7_Workspace/Target_Workspace/RTOS_workspace/004LED_Periodic_Tasks/STM32F446RETX_FLASH.ld" --specs=nosys.specs -Wl,-Map="004LED_Periodic_Tasks.map" -Wl,--gc-sections -static --specs=nano.specs -mfpu=fpv4-sp-d16 -mfloat-abi=hard -mthumb -Wl,--start-group -lc -lm -Wl,--end-group
Finished building target: 004LED_Periodic_Tasks.elf
 
arm-none-eabi-size   004LED_Periodic_Tasks.elf 
arm-none-eabi-objdump -h -S  004LED_Periodic_Tasks.elf  > "004LED_Periodic_Tasks.list"
   text	   data	    bss	    dec	    hex	filename
  25124	     36	 110100	 135260	  2105c	004LED_Periodic_Tasks.elf
Finished building: default.size.stdout
 
Finished building: 004LED_Periodic_Tasks.list
 
