../Core/Src/main.c:76:5:main	40	static,ignoring_inline_asm
../Core/Src/main.c:144:6:SystemClock_Config	88	static
../Core/Src/main.c:199:13:MX_GPIO_Init	48	static
../Core/Src/main.c:241:6:switch_priority	32	static
../Core/Src/main.c:279:13:task1_handler	16	static
../Core/Src/main.c:294:13:task2_handler	16	static
../Core/Src/main.c:309:6:button_interrupt_handler	8	static
../Core/Src/main.c:326:6:HAL_TIM_PeriodElapsedCallback	16	static
../Core/Src/main.c:343:6:Error_Handler	4	static,ignoring_inline_asm
